Archive member included to satisfy reference by file (symbol)

app/libapp.a(main.c.obj)      (--whole-archive)
zephyr/libzephyr.a(heap.c.obj)
                              (--whole-archive)
zephyr/libzephyr.a(cbprintf_packaged.c.obj)
                              (--whole-archive)
zephyr/libzephyr.a(printk.c.obj)
                              (--whole-archive)
zephyr/libzephyr.a(sem.c.obj)
                              (--whole-archive)
zephyr/libzephyr.a(thread_entry.c.obj)
                              (--whole-archive)
zephyr/libzephyr.a(cbprintf_complete.c.obj)
                              (--whole-archive)
zephyr/libzephyr.a(assert.c.obj)
                              (--whole-archive)
zephyr/libzephyr.a(reboot.c.obj)
                              (--whole-archive)
zephyr/libzephyr.a(dec.c.obj)
                              (--whole-archive)
zephyr/libzephyr.a(hex.c.obj)
                              (--whole-archive)
zephyr/libzephyr.a(rb.c.obj)  (--whole-archive)
zephyr/libzephyr.a(timeutil.c.obj)
                              (--whole-archive)
zephyr/libzephyr.a(bitarray.c.obj)
                              (--whole-archive)
zephyr/libzephyr.a(configs.c.obj)
                              (--whole-archive)
zephyr/libzephyr.a(stm32cube_hal.c.obj)
                              (--whole-archive)
zephyr/libzephyr.a(soc_config.c.obj)
                              (--whole-archive)
zephyr/libzephyr.a(soc.c.obj)
                              (--whole-archive)
zephyr/libzephyr.a(mem_attr.c.obj)
                              (--whole-archive)
zephyr/libzephyr.a(tracing_none.c.obj)
                              (--whole-archive)
zephyr/arch/common/libarch__common.a(sw_isr_common.c.obj)
                              (--whole-archive)
zephyr/arch/arch/arm/core/libarch__arm__core.a(fatal.c.obj)
                              (--whole-archive)
zephyr/arch/arch/arm/core/libarch__arm__core.a(nmi.c.obj)
                              (--whole-archive)
zephyr/arch/arch/arm/core/libarch__arm__core.a(nmi_on_reset.S.obj)
                              (--whole-archive)
zephyr/arch/arch/arm/core/cortex_m/libarch__arm__core__cortex_m.a(exc_exit.c.obj)
                              (--whole-archive)
zephyr/arch/arch/arm/core/cortex_m/libarch__arm__core__cortex_m.a(fault.c.obj)
                              (--whole-archive)
zephyr/arch/arch/arm/core/cortex_m/libarch__arm__core__cortex_m.a(fault_s.S.obj)
                              (--whole-archive)
zephyr/arch/arch/arm/core/cortex_m/libarch__arm__core__cortex_m.a(fpu.c.obj)
                              (--whole-archive)
zephyr/arch/arch/arm/core/cortex_m/libarch__arm__core__cortex_m.a(reset.S.obj)
                              (--whole-archive)
zephyr/arch/arch/arm/core/cortex_m/libarch__arm__core__cortex_m.a(scb.c.obj)
                              (--whole-archive)
zephyr/arch/arch/arm/core/cortex_m/libarch__arm__core__cortex_m.a(thread_abort.c.obj)
                              (--whole-archive)
zephyr/arch/arch/arm/core/cortex_m/libarch__arm__core__cortex_m.a(vector_table.S.obj)
                              (--whole-archive)
zephyr/arch/arch/arm/core/cortex_m/libarch__arm__core__cortex_m.a(swap.c.obj)
                              (--whole-archive)
zephyr/arch/arch/arm/core/cortex_m/libarch__arm__core__cortex_m.a(swap_helper.S.obj)
                              (--whole-archive)
zephyr/arch/arch/arm/core/cortex_m/libarch__arm__core__cortex_m.a(irq_manage.c.obj)
                              (--whole-archive)
zephyr/arch/arch/arm/core/cortex_m/libarch__arm__core__cortex_m.a(prep_c.c.obj)
                              (--whole-archive)
zephyr/arch/arch/arm/core/cortex_m/libarch__arm__core__cortex_m.a(thread.c.obj)
                              (--whole-archive)
zephyr/arch/arch/arm/core/cortex_m/libarch__arm__core__cortex_m.a(cpu_idle.c.obj)
                              (--whole-archive)
zephyr/arch/arch/arm/core/cortex_m/libarch__arm__core__cortex_m.a(irq_init.c.obj)
                              (--whole-archive)
zephyr/arch/arch/arm/core/cortex_m/libarch__arm__core__cortex_m.a(isr_wrapper.c.obj)
                              (--whole-archive)
zephyr/arch/arch/arm/core/mpu/libarch__arm__core__mpu.a(arm_core_mpu.c.obj)
                              (--whole-archive)
zephyr/arch/arch/arm/core/mpu/libarch__arm__core__mpu.a(arm_mpu.c.obj)
                              (--whole-archive)
zephyr/arch/arch/arm/core/mpu/libarch__arm__core__mpu.a(arm_mpu_regions.c.obj)
                              (--whole-archive)
zephyr/lib/libc/picolibc/liblib__libc__picolibc.a(assert.c.obj)
                              (--whole-archive)
zephyr/lib/libc/picolibc/liblib__libc__picolibc.a(cbprintf.c.obj)
                              (--whole-archive)
zephyr/lib/libc/picolibc/liblib__libc__picolibc.a(chk_fail.c.obj)
                              (--whole-archive)
zephyr/lib/libc/picolibc/liblib__libc__picolibc.a(errno_wrap.c.obj)
                              (--whole-archive)
[...]
Memory Configuration

Name             Origin             Length             Attributes
FLASH            0x08000000         0x00200000         xr
RAM              0x20000000         0x00030000         xw
CCM              0x10000000         0x00010000
IDT_LIST         0xffff7fff         0x00008000         xw
*default*        0x00000000         0xffffffff

Linker script and memory map

LOAD zephyr/CMakeFiles/zephyr_pre0.dir/misc/empty_file.c.obj
LOAD zephyr/CMakeFiles/offsets.dir/./arch/arm/core/offsets/offsets.c.obj
LOAD app/libapp.a
LOAD zephyr/libzephyr.a
LOAD zephyr/arch/common/libarch__common.a
LOAD zephyr/arch/arch/arm/core/libarch__arm__core.a
LOAD zephyr/arch/arch/arm/core/cortex_m/libarch__arm__core__cortex_m.a
LOAD zephyr/arch/arch/arm/core/mpu/libarch__arm__core__mpu.a
LOAD zephyr/lib/libc/picolibc/liblib__libc__picolibc.a
LOAD zephyr/lib/libc/common/liblib__libc__common.a
LOAD zephyr/drivers/interrupt_controller/libdrivers__interrupt_controller.a
LOAD zephyr/drivers/clock_control/libdrivers__clock_control.a
LOAD zephyr/drivers/console/libdrivers__console.a
LOAD zephyr/drivers/gpio/libdrivers__gpio.a
LOAD zephyr/drivers/pinctrl/libdrivers__pinctrl.a
LOAD zephyr/drivers/reset/libdrivers__reset.a
LOAD zephyr/drivers/serial/libdrivers__serial.a
LOAD zephyr/drivers/timer/libdrivers__timer.a
LOAD modules/hal_stm32/stm32cube/lib..__modules__hal__stm32__stm32cube.a
LOAD zephyr/kernel/libkernel.a
LOAD zephyr/arch/common/libisr_tables.a
LOAD /home/ah/Documents/Workspace/STM32/ZephyrProject/Zephyr/custom_dts_binding/build/modules/picolibc/libc.a
LOAD /usr/lib/gcc/arm-none-eabi/14.1.0/thumb/v7e-m/nofp/libgcc.a
                0x00000020                        _region_min_align = 0x20

.rel.plt        0x08000000        0x0
 *(SORT_BY_ALIGNMENT(.rel.plt))
                [!provide]                        PROVIDE (__rel_iplt_start = .)
 *(SORT_BY_ALIGNMENT(.rel.iplt))
 .rel.iplt      0x08000000        0x0 app/libapp.a(main.c.obj)
                [!provide]                        PROVIDE (__rel_iplt_end = .)

.rela.plt       0x00000000        0x0
 *(SORT_BY_ALIGNMENT(.rela.plt))
                [!provide]                        PROVIDE (__rela_iplt_start = .)
 *(SORT_BY_ALIGNMENT(.rela.iplt))
                [!provide]                        PROVIDE (__rela_iplt_end = .)

.rel.dyn
 *(SORT_BY_ALIGNMENT(.rel.*))

.rela.dyn
 *(SORT_BY_ALIGNMENT(.rela.*))

/DISCARD/
 *(SORT_BY_ALIGNMENT(.plt))

/DISCARD/
 *(SORT_BY_ALIGNMENT(.iplt))
                0x08000000                        __rom_region_start = 0x8000000

rom_start       0x08000000      0x1ac
                0x08000000                        __rom_start_address = .
 FILL mask 0x00
                0x08000000                        . = (. + (0x0 - (. - __rom_start_address)))
                0x08000000                        . = ALIGN (0x4)
                0x08000000                        . = ALIGN (0x80)
                0x08000000                        . = ALIGN (0x200)
                0x08000000                        _vector_start = .
 *(SORT_BY_ALIGNMENT(.exc_vector_table))
 *(SORT_BY_ALIGNMENT(.exc_vector_table.*))
 .exc_vector_table._vector_table_section
                0x08000000       0x40 zephyr/arch/arch/arm/core/cortex_m/libarch__arm__core__cortex_m.a(vector_table.S.obj)
                0x08000000                _vector_table
 *(SORT_BY_ALIGNMENT(.vectors))
                0x080001ac                        _vector_end = .
                0x08000040                        . = ALIGN (0x4)
 *(SORT_BY_ALIGNMENT(.gnu.linkonce.irq_vector_table*))
 .gnu.linkonce.irq_vector_table
                0x08000040      0x16c zephyr/arch/common/libisr_tables.a(isr_tables.c.obj)
                0x08000040                _irq_vector_table
                0x080001ac                        _vector_end = .

text            0x080001ac     0x3684
                0x080001ac                        __text_region_start = .
 *(SORT_BY_ALIGNMENT(.text))
 .text          0x080001ac       0x30 /usr/lib/gcc/arm-none-eabi/14.1.0/thumb/v7e-m/nofp/libgcc.a(_aeabi_uldivmod.o)
                0x080001ac                __aeabi_uldivmod
 .text          0x080001dc      0x2f8 /usr/lib/gcc/arm-none-eabi/14.1.0/thumb/v7e-m/nofp/libgcc.a(_udivmoddi4.o)
                0x080001dc                __udivmoddi4
 .text          0x080004d4        0x4 /usr/lib/gcc/arm-none-eabi/14.1.0/thumb/v7e-m/nofp/libgcc.a(_dvmd_tls.o)
                0x080004d4                __aeabi_ldiv0
                0x080004d4                __aeabi_idiv0
 *(SORT_BY_ALIGNMENT(.text.*))
 .text.main     0x080004d8       0x90 app/libapp.a(main.c.obj)
                0x080004d8                main
 .text.char_out
                0x08000568        0xc zephyr/libzephyr.a(printk.c.obj)
 .text.__printk_hook_install
                0x08000574        0xc zephyr/libzephyr.a(printk.c.obj)
                0x08000574                __printk_hook_install
 .text.vprintk  0x08000580       0x30 zephyr/libzephyr.a(printk.c.obj)
                0x08000580                vprintk
 .text.st_stm32_common_config
                0x080005b0       0x14 zephyr/libzephyr.a(soc_config.c.obj)
 .text.soc_early_init_hook
                0x080005c4       0x30 zephyr/libzephyr.a(soc.c.obj)
                0x080005c4                soc_early_init_hook
 .text.mem_attr_get_regions
                0x080005f4        0xc zephyr/libzephyr.a(mem_attr.c.obj)
                0x080005f4                mem_attr_get_regions
 .text.z_arm_nmi
                0x08000600       0x14 zephyr/arch/arch/arm/core/libarch__arm__core.a(nmi.c.obj)
                0x08000600                z_arm_nmi
 .text.z_SysNmiOnReset
                0x08000614        0x8 zephyr/arch/arch/arm/core/libarch__arm__core.a(nmi_on_reset.S.obj)
                0x08000614                z_SysNmiOnReset
 .text._HandlerModeExit
                0x0800061c       0x28 zephyr/arch/arch/arm/core/cortex_m/libarch__arm__core__cortex_m.a(exc_exit.c.obj)
                0x0800061c                z_arm_exc_exit
                0x0800061c                z_arm_int_exit
 .text.mem_manage_fault
                0x08000644       0xa0 zephyr/arch/arch/arm/core/cortex_m/libarch__arm__core__cortex_m.a(fault.c.obj)
 .text.usage_fault.isra.0
                0x080006e4       0x54 zephyr/arch/arch/arm/core/cortex_m/libarch__arm__core__cortex_m.a(fault.c.obj)
 .text.bus_fault.isra.0
                0x08000738       0x6c zephyr/arch/arch/arm/core/cortex_m/libarch__arm__core__cortex_m.a(fault.c.obj)
 .text.z_arm_fault
                0x080007a4      0x130 zephyr/arch/arch/arm/core/cortex_m/libarch__arm__core__cortex_m.a(fault.c.obj)
                0x080007a4                z_arm_fault
 .text.z_arm_fault_init
                0x080008d4       0x18 zephyr/arch/arch/arm/core/cortex_m/libarch__arm__core__cortex_m.a(fault.c.obj)
                0x080008d4                z_arm_fault_init
 .text.__fault  0x080008ec       0x14 zephyr/arch/arch/arm/core/cortex_m/libarch__arm__core__cortex_m.a(fault_s.S.obj)
                0x080008ec                z_arm_bus_fault
                0x080008ec                z_arm_usage_fault
                0x080008ec                z_arm_mpu_fault
                0x080008ec                z_arm_exc_spurious
                0x080008ec                z_arm_debug_monitor
                0x080008ec                z_arm_hard_fault
 .text._reset_section
                0x08000900       0x2c zephyr/arch/arch/arm/core/cortex_m/libarch__arm__core__cortex_m.a(reset.S.obj)
                0x08000900                z_arm_reset
                0x08000900                __start
 .text.z_impl_k_thread_abort
                0x0800092c       0x2c zephyr/arch/arch/arm/core/cortex_m/libarch__arm__core__cortex_m.a(thread_abort.c.obj)
                0x0800092c                z_impl_k_thread_abort
 .text.arch_swap
                0x08000958       0x30 zephyr/arch/arch/arm/core/cortex_m/libarch__arm__core__cortex_m.a(swap.c.obj)
                0x08000958                arch_swap
 .text.z_arm_pendsv
                0x08000988       0x54 zephyr/arch/arch/arm/core/cortex_m/libarch__arm__core__cortex_m.a(swap_helper.S.obj)
                0x08000988                z_arm_pendsv
 .text.z_arm_svc
                0x080009dc       0x24 zephyr/arch/arch/arm/core/cortex_m/libarch__arm__core__cortex_m.a(swap_helper.S.obj)
                0x080009dc                z_arm_svc
 .text.arch_irq_enable
                0x08000a00       0x1c zephyr/arch/arch/arm/core/cortex_m/libarch__arm__core__cortex_m.a(irq_manage.c.obj)
                0x08000a00                arch_irq_enable
 .text.z_arm_irq_priority_set
                0x08000a1c       0x30 zephyr/arch/arch/arm/core/cortex_m/libarch__arm__core__cortex_m.a(irq_manage.c.obj)
                0x08000a1c                z_arm_irq_priority_set
 .text.z_prep_c
                0x08000a4c       0x48 zephyr/arch/arch/arm/core/cortex_m/libarch__arm__core__cortex_m.a(prep_c.c.obj)
                0x08000a4c                z_prep_c
 .text.arch_new_thread
                0x08000a94       0x38 zephyr/arch/arch/arm/core/cortex_m/libarch__arm__core__cortex_m.a(thread.c.obj)
                0x08000a94                arch_new_thread
 .text.z_check_thread_stack_fail
                0x08000acc       0x2c zephyr/arch/arch/arm/core/cortex_m/libarch__arm__core__cortex_m.a(thread.c.obj)
                0x08000acc                z_check_thread_stack_fail
 .text.arch_switch_to_main_thread
                0x08000af8       0x3c zephyr/arch/arch/arm/core/cortex_m/libarch__arm__core__cortex_m.a(thread.c.obj)
                0x08000af8                arch_switch_to_main_thread
 .text.z_arm_cpu_idle_init
                0x08000b34        0xc zephyr/arch/arch/arm/core/cortex_m/libarch__arm__core__cortex_m.a(cpu_idle.c.obj)
                0x08000b34                z_arm_cpu_idle_init
 .text.z_arm_interrupt_init
                0x08000b40       0x18 zephyr/arch/arch/arm/core/cortex_m/libarch__arm__core__cortex_m.a(irq_init.c.obj)
                0x08000b40                z_arm_interrupt_init
 .text._isr_wrapper
                0x08000b58       0x24 zephyr/arch/arch/arm/core/cortex_m/libarch__arm__core__cortex_m.a(isr_wrapper.c.obj)
                0x08000b58                _isr_wrapper
 .text.z_arm_configure_static_mpu_regions
                0x08000b7c       0x18 zephyr/arch/arch/arm/core/mpu/libarch__arm__core__mpu.a(arm_core_mpu.c.obj)
                0x08000b7c                z_arm_configure_static_mpu_regions
 .text.z_arm_configure_dynamic_mpu_regions
                0x08000b94       0x20 zephyr/arch/arch/arm/core/mpu/libarch__arm__core__mpu.a(arm_core_mpu.c.obj)
                0x08000b94                z_arm_configure_dynamic_mpu_regions
 .text.region_init
                0x08000bb4       0x28 zephyr/arch/arch/arm/core/mpu/libarch__arm__core__mpu.a(arm_mpu.c.obj)
 .text.mpu_configure_regions
                0x08000bdc       0x6c zephyr/arch/arch/arm/core/mpu/libarch__arm__core__mpu.a(arm_mpu.c.obj)
 .text.arm_core_mpu_enable
                0x08000c48       0x18 zephyr/arch/arch/arm/core/mpu/libarch__arm__core__mpu.a(arm_mpu.c.obj)
                0x08000c48                arm_core_mpu_enable
 .text.arm_core_mpu_disable
                0x08000c60       0x14 zephyr/arch/arch/arm/core/mpu/libarch__arm__core__mpu.a(arm_mpu.c.obj)
                0x08000c60                arm_core_mpu_disable
 .text.arm_core_mpu_configure_static_mpu_regions
                0x08000c74       0x14 zephyr/arch/arch/arm/core/mpu/libarch__arm__core__mpu.a(arm_mpu.c.obj)
                0x08000c74                arm_core_mpu_configure_static_mpu_regions
 .text.arm_core_mpu_configure_dynamic_mpu_regions
                0x08000c88       0x38 zephyr/arch/arch/arm/core/mpu/libarch__arm__core__mpu.a(arm_mpu.c.obj)
                0x08000c88                arm_core_mpu_configure_dynamic_mpu_regions
 .text.z_arm_mpu_init
                0x08000cc0      0x164 zephyr/arch/arch/arm/core/mpu/libarch__arm__core__mpu.a(arm_mpu.c.obj)
                0x08000cc0                z_arm_mpu_init
 .text.z_impl_zephyr_fputc
                0x08000e24       0x10 zephyr/lib/libc/picolibc/liblib__libc__picolibc.a(stdio.c.obj)
                0x08000e24                z_impl_zephyr_fputc
 .text.__stdout_hook_install
                0x08000e34       0x18 zephyr/lib/libc/picolibc/liblib__libc__picolibc.a(stdio.c.obj)
                0x08000e34                __stdout_hook_install
 .text.malloc_prepare
                0x08000e4c       0x24 zephyr/lib/libc/common/liblib__libc__common.a(malloc.c.obj)
 .text.stm32_exti_isr
                0x08000e70       0x4c zephyr/drivers/interrupt_controller/libdrivers__interrupt_controller.a(intc_exti_stm32.c.obj)
 .text.stm32_fill_irq_table
                0x08000ebc       0x18 zephyr/drivers/interrupt_controller/libdrivers__interrupt_controller.a(intc_exti_stm32.c.obj)
 .text.stm32_exti_init
                0x08000ed4       0xb0 zephyr/drivers/interrupt_controller/libdrivers__interrupt_controller.a(intc_exti_stm32.c.obj)
 .text.stm32_gpio_intc_enable_line
                0x08000f84       0x2c zephyr/drivers/interrupt_controller/libdrivers__interrupt_controller.a(intc_exti_stm32.c.obj)
                0x08000f84                stm32_gpio_intc_enable_line
 .text.stm32_gpio_intc_disable_line
                0x08000fb0       0x10 zephyr/drivers/interrupt_controller/libdrivers__interrupt_controller.a(intc_exti_stm32.c.obj)
                0x08000fb0                stm32_gpio_intc_disable_line
 .text.stm32_gpio_intc_select_line_trigger
                0x08000fc0       0x60 zephyr/drivers/interrupt_controller/libdrivers__interrupt_controller.a(intc_exti_stm32.c.obj)
                0x08000fc0                stm32_gpio_intc_select_line_trigger
 .text.stm32_gpio_intc_set_irq_callback
                0x08001020       0x40 zephyr/drivers/interrupt_controller/libdrivers__interrupt_controller.a(intc_exti_stm32.c.obj)
                0x08001020                stm32_gpio_intc_set_irq_callback
 .text.stm32_gpio_intc_remove_irq_callback
                0x08001060       0x24 zephyr/drivers/interrupt_controller/libdrivers__interrupt_controller.a(intc_exti_stm32.c.obj)
                0x08001060                stm32_gpio_intc_remove_irq_callback
 .text.stm32_exti_get_line_src_port
                0x08001084       0x30 zephyr/drivers/interrupt_controller/libdrivers__interrupt_controller.a(intc_exti_stm32.c.obj)
                0x08001084                stm32_exti_get_line_src_port
 .text.stm32_clock_control_get_subsys_rate
                0x080010b4       0xa0 zephyr/drivers/clock_control/libdrivers__clock_control.a(clock_stm32_ll_common.c.obj)
 .text.stm32_clock_control_init
                0x08001154      0x11c zephyr/drivers/clock_control/libdrivers__clock_control.a(clock_stm32_ll_common.c.obj)
                0x08001154                stm32_clock_control_init
 .text.get_pllsrc_frequency
                0x08001270        0x8 zephyr/drivers/clock_control/libdrivers__clock_control.a(clock_stm32f2_f4_f7.c.obj)
                0x08001270                get_pllsrc_frequency
 .text.config_pll_sysclock
                0x08001278       0x24 zephyr/drivers/clock_control/libdrivers__clock_control.a(clock_stm32f2_f4_f7.c.obj)
                0x08001278                config_pll_sysclock
 .text.config_enable_default_clocks
                0x0800129c       0x20 zephyr/drivers/clock_control/libdrivers__clock_control.a(clock_stm32f2_f4_f7.c.obj)
                0x0800129c                config_enable_default_clocks
 .text.uart_console_init
                0x080012bc       0x28 zephyr/drivers/console/libdrivers__console.a(uart_console.c.obj)
 .text.console_out
                0x080012e4       0x28 zephyr/drivers/console/libdrivers__console.a(uart_console.c.obj)
 .text.gpio_stm32_pin_interrupt_configure
                0x0800130c       0xb0 zephyr/drivers/gpio/libdrivers__gpio.a(gpio_stm32.c.obj)
 .text.gpio_stm32_init
                0x080013bc       0x30 zephyr/drivers/gpio/libdrivers__gpio.a(gpio_stm32.c.obj)
 .text.pinctrl_configure_pins
                0x080013ec       0x84 zephyr/drivers/pinctrl/libdrivers__pinctrl.a(pinctrl_stm32.c.obj)
                0x080013ec                pinctrl_configure_pins
 .text.uart_stm32_parameters_set
                0x08001470       0xf8 zephyr/drivers/serial/libdrivers__serial.a(uart_stm32.c.obj)
 .text.uart_stm32_configure
                0x08001568       0xe0 zephyr/drivers/serial/libdrivers__serial.a(uart_stm32.c.obj)
 .text.uart_stm32_init
                0x08001648       0xa8 zephyr/drivers/serial/libdrivers__serial.a(uart_stm32.c.obj)
 .text.elapsed  0x080016f0       0x44 zephyr/drivers/timer/libdrivers__timer.a(cortex_m_systick.c.obj)
 .text.sys_clock_driver_init
                0x08001734       0x38 zephyr/drivers/timer/libdrivers__timer.a(cortex_m_systick.c.obj)
 .text.sys_clock_isr
                0x0800176c       0x60 zephyr/drivers/timer/libdrivers__timer.a(cortex_m_systick.c.obj)
                0x0800176c                sys_clock_isr
 .text.sys_clock_set_timeout
                0x080017cc       0xf4 zephyr/drivers/timer/libdrivers__timer.a(cortex_m_systick.c.obj)
                0x080017cc                sys_clock_set_timeout
 .text.sys_clock_elapsed
                0x080018c0       0x3c zephyr/drivers/timer/libdrivers__timer.a(cortex_m_systick.c.obj)
                0x080018c0                sys_clock_elapsed
 .text.HAL_RCC_GetSysClockFreq
                0x080018fc       0x5c modules/hal_stm32/stm32cube/lib..__modules__hal__stm32__stm32cube.a(stm32f4xx_hal_rcc.c.obj)
                0x080018fc                HAL_RCC_GetSysClockFreq
 .text.LL_SetFlashLatency
                0x08001958      0x128 modules/hal_stm32/stm32cube/lib..__modules__hal__stm32__stm32cube.a(stm32f4xx_ll_utils.c.obj)
                0x08001958                LL_SetFlashLatency
 .text.z_fatal_error
                0x08001a80       0x30 zephyr/kernel/libkernel.a(fatal.c.obj)
                0x08001a80                z_fatal_error
 .text.z_sys_init_run_level
                0x08001ab0       0x2c zephyr/kernel/libkernel.a(init.c.obj)
 .text.bg_thread_main
                0x08001adc       0xc4 zephyr/kernel/libkernel.a(init.c.obj)
 .text.z_bss_zero
                0x08001ba0       0x2c zephyr/kernel/libkernel.a(init.c.obj)
                0x08001ba0                z_bss_zero
 .text.z_init_cpu
                0x08001bcc       0x70 zephyr/kernel/libkernel.a(init.c.obj)
                0x08001bcc                z_init_cpu
 .text.z_cstart
                0x08001c3c       0xd8 zephyr/kernel/libkernel.a(init.c.obj)
                0x08001c3c                z_cstart
 .text.z_setup_new_thread
                0x08001d14       0x7c zephyr/kernel/libkernel.a(thread.c.obj)
                0x08001d14                z_setup_new_thread
 .text.unready_thread
                0x08001d90       0x54 zephyr/kernel/libkernel.a(sched.c.obj)
 .text.ready_thread
                0x08001de4       0x88 zephyr/kernel/libkernel.a(sched.c.obj)
 .text.z_thread_halt
                0x08001e6c      0x10c zephyr/kernel/libkernel.a(sched.c.obj)
 .text.move_thread_to_end_of_prio_q
                0x08001f78       0x90 zephyr/kernel/libkernel.a(sched.c.obj)
                0x08001f78                move_thread_to_end_of_prio_q
 .text.z_impl_k_thread_suspend
                0x08002008       0x8c zephyr/kernel/libkernel.a(sched.c.obj)
                0x08002008                z_impl_k_thread_suspend
 .text.z_reschedule
                0x08002094       0x24 zephyr/kernel/libkernel.a(sched.c.obj)
                0x08002094                z_reschedule
 .text.z_impl_k_thread_resume
                0x080020b8       0x3c zephyr/kernel/libkernel.a(sched.c.obj)
                0x080020b8                z_impl_k_thread_resume
 .text.z_reschedule_irqlock
                0x080020f4       0x28 zephyr/kernel/libkernel.a(sched.c.obj)
                0x080020f4                z_reschedule_irqlock
 .text.k_sched_lock
                0x0800211c       0x28 zephyr/kernel/libkernel.a(sched.c.obj)
                0x0800211c                k_sched_lock
 .text.k_sched_unlock
                0x08002144       0x6c zephyr/kernel/libkernel.a(sched.c.obj)
                0x08002144                k_sched_unlock
 .text.z_sched_init
                0x080021b0       0x10 zephyr/kernel/libkernel.a(sched.c.obj)
                0x080021b0                z_sched_init
 .text.z_impl_k_yield
                0x080021c0       0x88 zephyr/kernel/libkernel.a(sched.c.obj)
                0x080021c0                z_impl_k_yield
 .text.z_tick_sleep
                0x08002248       0x88 zephyr/kernel/libkernel.a(sched.c.obj)
 .text.z_impl_k_sleep
                0x080022d0       0x3c zephyr/kernel/libkernel.a(sched.c.obj)
                0x080022d0                z_impl_k_sleep
 .text.z_impl_k_sched_current_thread_query
                0x0800230c        0xc zephyr/kernel/libkernel.a(sched.c.obj)
                0x0800230c                z_impl_k_sched_current_thread_query
 .text.slice_timeout
                0x08002318       0x20 zephyr/kernel/libkernel.a(timeslicing.c.obj)
 .text.thread_is_sliceable
                0x08002338       0x40 zephyr/kernel/libkernel.a(timeslicing.c.obj)
                0x08002338                thread_is_sliceable
 .text.z_reset_time_slice
                0x08002378       0x50 zephyr/kernel/libkernel.a(timeslicing.c.obj)
                0x08002378                z_reset_time_slice
 .text.z_time_slice
                0x080023c8       0x60 zephyr/kernel/libkernel.a(timeslicing.c.obj)
                0x080023c8                z_time_slice
 .text.z_data_copy
                0x08002428       0x50 zephyr/kernel/libkernel.a(xip.c.obj)
                0x08002428                z_data_copy
 .text.elapsed  0x08002478       0x14 zephyr/kernel/libkernel.a(timeout.c.obj)
 .text.remove_timeout
                0x0800248c       0x38 zephyr/kernel/libkernel.a(timeout.c.obj)
 .text.next_timeout
                0x080024c4       0x3c zephyr/kernel/libkernel.a(timeout.c.obj)
 .text.z_add_timeout
                0x08002500       0xf4 zephyr/kernel/libkernel.a(timeout.c.obj)
                0x08002500                z_add_timeout
 .text.sys_clock_announce
                0x080025f4       0xcc zephyr/kernel/libkernel.a(timeout.c.obj)
                0x080025f4                sys_clock_announce
 .text.sys_clock_tick_get
                0x080026c0       0x30 zephyr/kernel/libkernel.a(timeout.c.obj)
                0x080026c0                sys_clock_tick_get
 .text.boot_banner
                0x080026f0        0xc zephyr/kernel/libkernel.a(banner.c.obj)
                0x080026f0                boot_banner
 .text.printf   0x080026fc       0x24 /home/ah/Documents/Workspace/STM32/ZephyrProject/Zephyr/custom_dts_binding/build/modules/picolibc/libc.a(printf.c.obj)
                0x080026fc                printf
 .text.puts     0x08002720       0x40 /home/ah/Documents/Workspace/STM32/ZephyrProject/Zephyr/custom_dts_binding/build/modules/picolibc/libc.a(puts.c.obj)
                0x08002720                puts
 .text.skip_to_arg
                0x08002760      0x120 /home/ah/Documents/Workspace/STM32/ZephyrProject/Zephyr/custom_dts_binding/build/modules/picolibc/libc.a(vflprintf.c.obj)
 .text.vfprintf
                0x08002880      0x598 /home/ah/Documents/Workspace/STM32/ZephyrProject/Zephyr/custom_dts_binding/build/modules/picolibc/libc.a(vflprintf.c.obj)
                0x08002880                __l_vfprintf
                0x08002880                vfprintf
 .text._OffsetAbsSyms
                0x08002e18        0x2 zephyr/CMakeFiles/offsets.dir/./arch/arm/core/offsets/offsets.c.obj
                0x08002e18                _OffsetAbsSyms
 .text.chunk_size
                0x08002e1a        0xa zephyr/libzephyr.a(heap.c.obj)
 .text.free_list_add
                0x08002e24       0x4e zephyr/libzephyr.a(heap.c.obj)
 .text.sys_heap_init
                0x08002e72       0x82 zephyr/libzephyr.a(heap.c.obj)
                0x08002e72                sys_heap_init
 .text.arch_printk_char_out
                0x08002ef4        0x4 zephyr/libzephyr.a(printk.c.obj)
                0x08002ef4                arch_printk_char_out
 .text.printk   0x08002ef8       0x1a zephyr/libzephyr.a(printk.c.obj)
                0x08002ef8                printk
 .text.z_thread_entry
                0x08002f12       0x14 zephyr/libzephyr.a(thread_entry.c.obj)
                0x08002f12                z_thread_entry
 .text._ConfigAbsSyms
                0x08002f26        0x2 zephyr/libzephyr.a(configs.c.obj)
                0x08002f26                _ConfigAbsSyms
 .text.z_arm_fatal_error
                0x08002f28        0xc zephyr/arch/arch/arm/core/libarch__arm__core.a(fatal.c.obj)
                0x08002f28                z_arm_fatal_error
 .text.z_do_kernel_oops
                0x08002f34        0x8 zephyr/arch/arch/arm/core/libarch__arm__core.a(fatal.c.obj)
                0x08002f34                z_do_kernel_oops
 .text.z_irq_spurious
                0x08002f3c        0x8 zephyr/arch/arch/arm/core/cortex_m/libarch__arm__core__cortex_m.a(irq_manage.c.obj)
                0x08002f3c                z_irq_spurious
 .text.arch_irq_unlock_outlined
                0x08002f44        0xe zephyr/arch/arch/arm/core/cortex_m/libarch__arm__core__cortex_m.a(thread.c.obj)
                0x08002f44                arch_irq_unlock_outlined
 .text.arch_cpu_idle
                0x08002f52       0x1a zephyr/arch/arch/arm/core/cortex_m/libarch__arm__core__cortex_m.a(cpu_idle.c.obj)
                0x08002f52                arch_cpu_idle
 .text.size_to_mpu_rasr_size
                0x08002f6c       0x20 zephyr/arch/arch/arm/core/mpu/libarch__arm__core__mpu.a(arm_mpu.c.obj)
 .text.picolibc_put
                0x08002f8c        0xa zephyr/lib/libc/picolibc/liblib__libc__picolibc.a(stdio.c.obj)
 .text.stm32_gpio_intc_get_pin_irq_line
                0x08002f96        0x6 zephyr/drivers/interrupt_controller/libdrivers__interrupt_controller.a(intc_exti_stm32.c.obj)
                0x08002f96                stm32_gpio_intc_get_pin_irq_line
 .text.stm32_exti_set_line_src_port
                0x08002f9c       0x36 zephyr/drivers/interrupt_controller/libdrivers__interrupt_controller.a(intc_exti_stm32.c.obj)
                0x08002f9c                stm32_exti_set_line_src_port
 .text.stm32_clock_control_on
                0x08002fd2       0x38 zephyr/drivers/clock_control/libdrivers__clock_control.a(clock_stm32_ll_common.c.obj)
 .text.stm32_clock_control_off
                0x0800300a       0x24 zephyr/drivers/clock_control/libdrivers__clock_control.a(clock_stm32_ll_common.c.obj)
 .text.enabled_clock
                0x0800302e       0x1c zephyr/drivers/clock_control/libdrivers__clock_control.a(clock_stm32_ll_common.c.obj)
                0x0800302e                enabled_clock
 .text.stm32_clock_control_configure
                0x0800304a       0x52 zephyr/drivers/clock_control/libdrivers__clock_control.a(clock_stm32_ll_common.c.obj)
 .text.stm32_clock_control_get_status
                0x0800309c       0x30 zephyr/drivers/clock_control/libdrivers__clock_control.a(clock_stm32_ll_common.c.obj)
 .text.config_regulator_voltage
                0x080030cc        0x2 zephyr/drivers/clock_control/libdrivers__clock_control.a(clock_stm32_ll_common.c.obj)
                0x080030cc                config_regulator_voltage
 .text.gpio_stm32_port_get_raw
                0x080030ce        0xc zephyr/drivers/gpio/libdrivers__gpio.a(gpio_stm32.c.obj)
 .text.gpio_stm32_port_set_masked_raw
                0x080030da       0x12 zephyr/drivers/gpio/libdrivers__gpio.a(gpio_stm32.c.obj)
 .text.gpio_stm32_port_set_bits_raw
                0x080030ec        0xa zephyr/drivers/gpio/libdrivers__gpio.a(gpio_stm32.c.obj)
 .text.gpio_stm32_port_clear_bits_raw
                0x080030f6        0xc zephyr/drivers/gpio/libdrivers__gpio.a(gpio_stm32.c.obj)
 .text.gpio_stm32_port_toggle_bits
                0x08003102        0xe zephyr/drivers/gpio/libdrivers__gpio.a(gpio_stm32.c.obj)
 .text.gpio_stm32_manage_callback
                0x08003110       0x54 zephyr/drivers/gpio/libdrivers__gpio.a(gpio_stm32.c.obj)
 .text.gpio_stm32_configure_raw.isra.0
                0x08003164      0x106 zephyr/drivers/gpio/libdrivers__gpio.a(gpio_stm32.c.obj)
 .text.gpio_stm32_config
                0x0800326a       0xae zephyr/drivers/gpio/libdrivers__gpio.a(gpio_stm32.c.obj)
 .text.gpio_stm32_isr
                0x08003318       0x2c zephyr/drivers/gpio/libdrivers__gpio.a(gpio_stm32.c.obj)
 .text.gpio_stm32_configure
                0x08003344       0x30 zephyr/drivers/gpio/libdrivers__gpio.a(gpio_stm32.c.obj)
                0x08003344                gpio_stm32_configure
 .text.pinctrl_lookup_state
                0x08003374       0x26 zephyr/drivers/pinctrl/libdrivers__pinctrl.a(common.c.obj)
                0x08003374                pinctrl_lookup_state
 .text.reset_stm32_status
                0x0800339a       0x20 zephyr/drivers/reset/libdrivers__reset.a(reset_stm32.c.obj)
 .text.reset_stm32_line_assert
                0x080033ba       0x1c zephyr/drivers/reset/libdrivers__reset.a(reset_stm32.c.obj)
 .text.reset_stm32_line_deassert
                0x080033d6       0x1e zephyr/drivers/reset/libdrivers__reset.a(reset_stm32.c.obj)
 .text.reset_stm32_line_toggle
                0x080033f4       0x16 zephyr/drivers/reset/libdrivers__reset.a(reset_stm32.c.obj)
 .text.LL_USART_ClearFlag_PE
                0x0800340a       0x12 zephyr/drivers/serial/libdrivers__serial.a(uart_stm32.c.obj)
 .text.uart_stm32_err_check
                0x0800341c       0x5e zephyr/drivers/serial/libdrivers__serial.a(uart_stm32.c.obj)
 .text.uart_stm32_set_baudrate
                0x0800347a       0x52 zephyr/drivers/serial/libdrivers__serial.a(uart_stm32.c.obj)
 .text.uart_stm32_poll_in
                0x080034cc       0x22 zephyr/drivers/serial/libdrivers__serial.a(uart_stm32.c.obj)
 .text.uart_stm32_poll_out
                0x080034ee       0x36 zephyr/drivers/serial/libdrivers__serial.a(uart_stm32.c.obj)
 .text.uart_stm32_config_get
                0x08003524       0x8e zephyr/drivers/serial/libdrivers__serial.a(uart_stm32.c.obj)
 .text.z_device_state_init
                0x080035b2        0x2 zephyr/kernel/libkernel.a(device.c.obj)
                0x080035b2                z_device_state_init
 .text.z_impl_device_is_ready
                0x080035b4       0x16 zephyr/kernel/libkernel.a(device.c.obj)
                0x080035b4                z_impl_device_is_ready
 .text.arch_system_halt
                0x080035ca       0x10 zephyr/kernel/libkernel.a(fatal.c.obj)
                0x080035ca                arch_system_halt
 .text.k_sys_fatal_error_handler
                0x080035da        0x6 zephyr/kernel/libkernel.a(fatal.c.obj)
                0x080035da                k_sys_fatal_error_handler
 .text.do_device_init
                0x080035e0       0x30 zephyr/kernel/libkernel.a(init.c.obj)
 .text.z_early_memset
                0x08003610        0x4 zephyr/kernel/libkernel.a(init.c.obj)
                0x08003610                z_early_memset
 .text.z_early_memcpy
                0x08003614        0x4 zephyr/kernel/libkernel.a(init.c.obj)
                0x08003614                z_early_memcpy
 .text.z_init_static
                0x08003618        0x2 zephyr/kernel/libkernel.a(init_static.c.obj)
                0x08003618                z_init_static
 .text.idle     0x0800361a       0x16 zephyr/kernel/libkernel.a(idle.c.obj)
                0x0800361a                idle
 .text.sys_dlist_remove
                0x08003630       0x10 zephyr/kernel/libkernel.a(sched.c.obj)
 .text.unpend_thread_no_timeout
                0x08003640       0x14 zephyr/kernel/libkernel.a(sched.c.obj)
 .text.z_ready_thread
                0x08003654       0x1e zephyr/kernel/libkernel.a(sched.c.obj)
                0x08003654                z_ready_thread
 .text.z_sched_wake_thread
                0x08003672       0x3a zephyr/kernel/libkernel.a(sched.c.obj)
                0x08003672                z_sched_wake_thread
 .text.z_thread_timeout
                0x080036ac        0x8 zephyr/kernel/libkernel.a(sched.c.obj)
                0x080036ac                z_thread_timeout
 .text.z_thread_abort
                0x080036b4       0x44 zephyr/kernel/libkernel.a(sched.c.obj)
                0x080036b4                z_thread_abort
 .text.z_abort_timeout
                0x080036f8       0x2a zephyr/kernel/libkernel.a(timeout.c.obj)
                0x080036f8                z_abort_timeout
 .text.sys_clock_tick_get_32
                0x08003722        0x8 zephyr/kernel/libkernel.a(timeout.c.obj)
                0x08003722                sys_clock_tick_get_32
 .text.memcpy   0x0800372a       0x1c /home/ah/Documents/Workspace/STM32/ZephyrProject/Zephyr/custom_dts_binding/build/modules/picolibc/libc.a(memcpy.c.obj)
                0x0800372a                memcpy
                0x0800372a                __aeabi_memcpy
                0x0800372a                __aeabi_memcpy4
                0x0800372a                __aeabi_memcpy8
 .text.memset   0x08003746       0x10 /home/ah/Documents/Workspace/STM32/ZephyrProject/Zephyr/custom_dts_binding/build/modules/picolibc/libc.a(memset.c.obj)
                0x08003746                memset
 .text.strnlen  0x08003756       0x18 /home/ah/Documents/Workspace/STM32/ZephyrProject/Zephyr/custom_dts_binding/build/modules/picolibc/libc.a(strnlen.c.obj)
                0x08003756                strnlen
 .text.__ultoa_invert
                0x0800376e       0xc0 /home/ah/Documents/Workspace/STM32/ZephyrProject/Zephyr/custom_dts_binding/build/modules/picolibc/libc.a(vflprintf.c.obj)
 *(SORT_BY_ALIGNMENT(.TEXT.*))
 *(SORT_BY_ALIGNMENT(.gnu.linkonce.t.*))
 *(SORT_BY_ALIGNMENT(.glue_7t))
 .glue_7t       0x0800382e        0x0 linker stubs
 *(SORT_BY_ALIGNMENT(.glue_7))
 .glue_7        0x0800382e        0x0 linker stubs
 *(SORT_BY_ALIGNMENT(.vfp11_veneer))
 .vfp11_veneer  0x0800382e        0x0 linker stubs
 *(SORT_BY_ALIGNMENT(.v4_bx))
 .v4_bx         0x0800382e        0x0 linker stubs
                0x08003830                        . = ALIGN (0x4)
 *fill*         0x0800382e        0x2 
                0x08003830                        __text_region_end = .

.ARM.exidx      0x08003830        0x8
                0x08003830                        __exidx_start = .
 *(SORT_BY_ALIGNMENT(.ARM.exidx*) SORT_BY_ALIGNMENT(gnu.linkonce.armexidx.*))
 .ARM.exidx     0x08003830        0x8 /usr/lib/gcc/arm-none-eabi/14.1.0/thumb/v7e-m/nofp/libgcc.a(_udivmoddi4.o)
                0x08003838                        __exidx_end = .
                0x08003838                        __rodata_region_start = .

initlevel       0x08003838       0xa0
                0x08003838                        __init_start = .
                0x08003838                        __init_EARLY_start = .
 *(SORT_BY_NAME(SORT_BY_ALIGNMENT(.z_init_EARLY?_*)))
 *(SORT_BY_NAME(SORT_BY_ALIGNMENT(.z_init_EARLY??_*)))
                0x08003838                        __init_PRE_KERNEL_1_start = .
 *(SORT_BY_NAME(SORT_BY_ALIGNMENT(.z_init_PRE_KERNEL_1?_*)))
 .z_init_PRE_KERNEL_11_00009_
                0x08003838        0x8 zephyr/drivers/clock_control/libdrivers__clock_control.a(clock_stm32_ll_common.c.obj)
 .z_init_PRE_KERNEL_11_0_
                0x08003840        0x8 zephyr/libzephyr.a(soc_config.c.obj)
 *(SORT_BY_NAME(SORT_BY_ALIGNMENT(.z_init_PRE_KERNEL_1??_*)))
 .z_init_PRE_KERNEL_135_00054_
                0x08003848        0x8 zephyr/drivers/reset/libdrivers__reset.a(reset_stm32.c.obj)
 .z_init_PRE_KERNEL_140_00014_
                0x08003850        0x8 zephyr/drivers/gpio/libdrivers__gpio.a(gpio_stm32.c.obj)
 .z_init_PRE_KERNEL_140_00038_
                0x08003858        0x8 zephyr/drivers/gpio/libdrivers__gpio.a(gpio_stm32.c.obj)
 .z_init_PRE_KERNEL_140_00070_
                0x08003860        0x8 zephyr/drivers/interrupt_controller/libdrivers__interrupt_controller.a(intc_exti_stm32.c.obj)
 .z_init_PRE_KERNEL_140_00088_
                0x08003868        0x8 zephyr/drivers/gpio/libdrivers__gpio.a(gpio_stm32.c.obj)
 .z_init_PRE_KERNEL_140_00114_
                0x08003870        0x8 zephyr/drivers/gpio/libdrivers__gpio.a(gpio_stm32.c.obj)
 .z_init_PRE_KERNEL_140_00115_
                0x08003878        0x8 zephyr/drivers/gpio/libdrivers__gpio.a(gpio_stm32.c.obj)
 .z_init_PRE_KERNEL_140_00116_
                0x08003880        0x8 zephyr/drivers/gpio/libdrivers__gpio.a(gpio_stm32.c.obj)
 .z_init_PRE_KERNEL_140_00117_
                0x08003888        0x8 zephyr/drivers/gpio/libdrivers__gpio.a(gpio_stm32.c.obj)
 .z_init_PRE_KERNEL_140_00118_
                0x08003890        0x8 zephyr/drivers/gpio/libdrivers__gpio.a(gpio_stm32.c.obj)
 .z_init_PRE_KERNEL_140_00119_
                0x08003898        0x8 zephyr/drivers/gpio/libdrivers__gpio.a(gpio_stm32.c.obj)
 .z_init_PRE_KERNEL_140_00120_
                0x080038a0        0x8 zephyr/drivers/gpio/libdrivers__gpio.a(gpio_stm32.c.obj)
 .z_init_PRE_KERNEL_140_00121_
                0x080038a8        0x8 zephyr/drivers/gpio/libdrivers__gpio.a(gpio_stm32.c.obj)
 .z_init_PRE_KERNEL_150_00077_
                0x080038b0        0x8 zephyr/drivers/serial/libdrivers__serial.a(uart_stm32.c.obj)
 .z_init_PRE_KERNEL_150_00085_
                0x080038b8        0x8 zephyr/drivers/serial/libdrivers__serial.a(uart_stm32.c.obj)
 .z_init_PRE_KERNEL_160_0_
                0x080038c0        0x8 zephyr/drivers/console/libdrivers__console.a(uart_console.c.obj)
                0x080038c8                        __init_PRE_KERNEL_2_start = .
 *(SORT_BY_NAME(SORT_BY_ALIGNMENT(.z_init_PRE_KERNEL_2?_*)))
 .z_init_PRE_KERNEL_20_0_
                0x080038c8        0x8 zephyr/drivers/timer/libdrivers__timer.a(cortex_m_systick.c.obj)
 *(SORT_BY_NAME(SORT_BY_ALIGNMENT(.z_init_PRE_KERNEL_2??_*)))
                0x080038d0                        __init_POST_KERNEL_start = .
 *(SORT_BY_NAME(SORT_BY_ALIGNMENT(.z_init_POST_KERNEL?_*)))
 *(SORT_BY_NAME(SORT_BY_ALIGNMENT(.z_init_POST_KERNEL??_*)))
 .z_init_POST_KERNEL35_0_
                0x080038d0        0x8 zephyr/lib/libc/common/liblib__libc__common.a(malloc.c.obj)
                0x080038d8                        __init_APPLICATION_start = .
 *(SORT_BY_NAME(SORT_BY_ALIGNMENT(.z_init_APPLICATION?_*)))
 *(SORT_BY_NAME(SORT_BY_ALIGNMENT(.z_init_APPLICATION??_*)))
                0x080038d8                        __init_SMP_start = .
 *(SORT_BY_NAME(SORT_BY_ALIGNMENT(.z_init_SMP?_*)))
 *(SORT_BY_NAME(SORT_BY_ALIGNMENT(.z_init_SMP??_*)))
                0x080038d8                        __init_end = .
                0x080038d8                        __deferred_init_list_start = .
 *(SORT_BY_ALIGNMENT(.z_deferred_init*))
                0x080038d8                        __deferred_init_list_end = .

device_area     0x080038d8      0x140
                0x080038d8                        _device_list_start = .
 *(SORT_BY_NAME(SORT_BY_ALIGNMENT(._device.static.*_?_*)))
 ._device.static.1_1_
                0x080038d8       0x14 zephyr/drivers/clock_control/libdrivers__clock_control.a(clock_stm32_ll_common.c.obj)
                0x080038d8                __device_dts_ord_9
 *(SORT_BY_NAME(SORT_BY_ALIGNMENT(._device.static.*_??_*)))
 ._device.static.1_35_
                0x080038ec       0x14 zephyr/drivers/reset/libdrivers__reset.a(reset_stm32.c.obj)
                0x080038ec                __device_dts_ord_54
 ._device.static.1_40_
                0x08003900       0x14 zephyr/drivers/interrupt_controller/libdrivers__interrupt_controller.a(intc_exti_stm32.c.obj)
                0x08003900                __device_dts_ord_70
 ._device.static.1_40_
                0x08003914       0xdc zephyr/drivers/gpio/libdrivers__gpio.a(gpio_stm32.c.obj)
                0x08003914                __device_dts_ord_121
                0x08003928                __device_dts_ord_120
                0x0800393c                __device_dts_ord_119
                0x08003950                __device_dts_ord_118
                0x08003964                __device_dts_ord_117
                0x08003978                __device_dts_ord_116
                0x0800398c                __device_dts_ord_115
                0x080039a0                __device_dts_ord_88
                0x080039b4                __device_dts_ord_38
                0x080039c8                __device_dts_ord_14
                0x080039dc                __device_dts_ord_114
 ._device.static.1_50_
                0x080039f0       0x28 zephyr/drivers/serial/libdrivers__serial.a(uart_stm32.c.obj)
                0x080039f0                __device_dts_ord_77
                0x08003a04                __device_dts_ord_85
                0x08003a18                        _device_list_end = .

sw_isr_table    0x08003a18      0x2d8
                0x08003a18                        . = ALIGN (0x4)
 *(SORT_BY_ALIGNMENT(.gnu.linkonce.sw_isr_table*))
 .gnu.linkonce.sw_isr_table
                0x08003a18      0x2d8 zephyr/arch/common/libisr_tables.a(isr_tables.c.obj)
                0x08003a18                _sw_isr_table

initlevel_error
 *(SORT_BY_NAME(SORT_BY_ALIGNMENT(.z_init_[_A-Z0-9]*)))
                0x00000001                        ASSERT ((SIZEOF (initlevel_error) == 0x0), Undefined initialization levels used.)

app_shmem_regions
                0x08003cf0        0x0
                0x08003cf0                        __app_shmem_regions_start = .
 *(SORT_BY_NAME(SORT_BY_ALIGNMENT(.app_regions.*)))
                0x08003cf0                        __app_shmem_regions_end = .

k_p4wq_initparam_area
                0x08003cf0        0x0
                0x08003cf0                        _k_p4wq_initparam_list_start = .
 *(SORT_BY_NAME(SORT_BY_ALIGNMENT(._k_p4wq_initparam.static.*)))
                0x08003cf0                        _k_p4wq_initparam_list_end = .

_static_thread_data_area
                0x08003cf0        0x0
                0x08003cf0                        __static_thread_data_list_start = .
 *(SORT_BY_NAME(SORT_BY_ALIGNMENT(.__static_thread_data.static.*)))
                0x08003cf0                        __static_thread_data_list_end = .

device_deps     0x08003cf0        0x0
                0x08003cf0                        __device_deps_start = .
 *(SORT_BY_NAME(SORT_BY_ALIGNMENT(.__device_deps_pass2*)))
                0x08003cf0                        __device_deps_end = .

gpio_driver_api_area
                0x08003cf0        0x0
                0x08003cf0                        _gpio_driver_api_list_start = .
 *(SORT_BY_NAME(SORT_BY_ALIGNMENT(._gpio_driver_api.static.*)))
                0x08003cf0                        _gpio_driver_api_list_end = .

reset_driver_api_area
                0x08003cf0        0x0
                0x08003cf0                        _reset_driver_api_list_start = .
 *(SORT_BY_NAME(SORT_BY_ALIGNMENT(._reset_driver_api.static.*)))
                0x08003cf0                        _reset_driver_api_list_end = .

shared_irq_driver_api_area
                0x08003cf0        0x0
                0x08003cf0                        _shared_irq_driver_api_list_start = .
 *(SORT_BY_NAME(SORT_BY_ALIGNMENT(._shared_irq_driver_api.static.*)))
                0x08003cf0                        _shared_irq_driver_api_list_end = .

crypto_driver_api_area
                0x08003cf0        0x0
                0x08003cf0                        _crypto_driver_api_list_start = .
 *(SORT_BY_NAME(SORT_BY_ALIGNMENT(._crypto_driver_api.static.*)))
                0x08003cf0                        _crypto_driver_api_list_end = .

adc_driver_api_area
                0x08003cf0        0x0
                0x08003cf0                        _adc_driver_api_list_start = .
 *(SORT_BY_NAME(SORT_BY_ALIGNMENT(._adc_driver_api.static.*)))
                0x08003cf0                        _adc_driver_api_list_end = .

auxdisplay_driver_api_area
                0x08003cf0        0x0
                0x08003cf0                        _auxdisplay_driver_api_list_start = .
 *(SORT_BY_NAME(SORT_BY_ALIGNMENT(._auxdisplay_driver_api.static.*)))
                0x08003cf0                        _auxdisplay_driver_api_list_end = .

bbram_driver_api_area
                0x08003cf0        0x0
                0x08003cf0                        _bbram_driver_api_list_start = .
 *(SORT_BY_NAME(SORT_BY_ALIGNMENT(._bbram_driver_api.static.*)))
                0x08003cf0                        _bbram_driver_api_list_end = .

bt_hci_driver_api_area
                0x08003cf0        0x0
                0x08003cf0                        _bt_hci_driver_api_list_start = .
 *(SORT_BY_NAME(SORT_BY_ALIGNMENT(._bt_hci_driver_api.static.*)))
                0x08003cf0                        _bt_hci_driver_api_list_end = .

can_driver_api_area
                0x08003cf0        0x0
                0x08003cf0                        _can_driver_api_list_start = .
 *(SORT_BY_NAME(SORT_BY_ALIGNMENT(._can_driver_api.static.*)))
                0x08003cf0                        _can_driver_api_list_end = .

cellular_driver_api_area
                0x08003cf0        0x0
                0x08003cf0                        _cellular_driver_api_list_start = .
 *(SORT_BY_NAME(SORT_BY_ALIGNMENT(._cellular_driver_api.static.*)))
                0x08003cf0                        _cellular_driver_api_list_end = .

charger_driver_api_area
                0x08003cf0        0x0
                0x08003cf0                        _charger_driver_api_list_start = .
 *(SORT_BY_NAME(SORT_BY_ALIGNMENT(._charger_driver_api.static.*)))
                0x08003cf0                        _charger_driver_api_list_end = .

clock_control_driver_api_area
                0x08003cf0       0x1c
                0x08003cf0                        _clock_control_driver_api_list_start = .
 *(SORT_BY_NAME(SORT_BY_ALIGNMENT(._clock_control_driver_api.static.*)))
 ._clock_control_driver_api.static.stm32_clock_control_api_
                0x08003cf0       0x1c zephyr/drivers/clock_control/libdrivers__clock_control.a(clock_stm32_ll_common.c.obj)
                0x08003d0c                        _clock_control_driver_api_list_end = .

comparator_driver_api_area
                0x08003d0c        0x0
                0x08003d0c                        _comparator_driver_api_list_start = .
 *(SORT_BY_NAME(SORT_BY_ALIGNMENT(._comparator_driver_api.static.*)))
                0x08003d0c                        _comparator_driver_api_list_end = .

coredump_driver_api_area
                0x08003d0c        0x0
                0x08003d0c                        _coredump_driver_api_list_start = .
 *(SORT_BY_NAME(SORT_BY_ALIGNMENT(._coredump_driver_api.static.*)))
                0x08003d0c                        _coredump_driver_api_list_end = .

counter_driver_api_area
                0x08003d0c        0x0
                0x08003d0c                        _counter_driver_api_list_start = .
 *(SORT_BY_NAME(SORT_BY_ALIGNMENT(._counter_driver_api.static.*)))
                0x08003d0c                        _counter_driver_api_list_end = .

dac_driver_api_area
                0x08003d0c        0x0
                0x08003d0c                        _dac_driver_api_list_start = .
 *(SORT_BY_NAME(SORT_BY_ALIGNMENT(._dac_driver_api.static.*)))
                0x08003d0c                        _dac_driver_api_list_end = .

dai_driver_api_area
                0x08003d0c        0x0
                0x08003d0c                        _dai_driver_api_list_start = .
 *(SORT_BY_NAME(SORT_BY_ALIGNMENT(._dai_driver_api.static.*)))
                0x08003d0c                        _dai_driver_api_list_end = .

display_driver_api_area
                0x08003d0c        0x0
                0x08003d0c                        _display_driver_api_list_start = .
 *(SORT_BY_NAME(SORT_BY_ALIGNMENT(._display_driver_api.static.*)))
                0x08003d0c                        _display_driver_api_list_end = .

dma_driver_api_area
                0x08003d0c        0x0
                0x08003d0c                        _dma_driver_api_list_start = .
 *(SORT_BY_NAME(SORT_BY_ALIGNMENT(._dma_driver_api.static.*)))
                0x08003d0c                        _dma_driver_api_list_end = .

edac_driver_api_area
                0x08003d0c        0x0
                0x08003d0c                        _edac_driver_api_list_start = .
 *(SORT_BY_NAME(SORT_BY_ALIGNMENT(._edac_driver_api.static.*)))
                0x08003d0c                        _edac_driver_api_list_end = .

eeprom_driver_api_area
                0x08003d0c        0x0
                0x08003d0c                        _eeprom_driver_api_list_start = .
 *(SORT_BY_NAME(SORT_BY_ALIGNMENT(._eeprom_driver_api.static.*)))
                0x08003d0c                        _eeprom_driver_api_list_end = .

emul_bbram_driver_api_area
                0x08003d0c        0x0
                0x08003d0c                        _emul_bbram_driver_api_list_start = .
 *(SORT_BY_NAME(SORT_BY_ALIGNMENT(._emul_bbram_driver_api.static.*)))
                0x08003d0c                        _emul_bbram_driver_api_list_end = .

fuel_gauge_emul_driver_api_area
                0x08003d0c        0x0
                0x08003d0c                        _fuel_gauge_emul_driver_api_list_start = .
 *(SORT_BY_NAME(SORT_BY_ALIGNMENT(._fuel_gauge_emul_driver_api.static.*)))
                0x08003d0c                        _fuel_gauge_emul_driver_api_list_end = .

emul_sensor_driver_api_area
                0x08003d0c        0x0
                0x08003d0c                        _emul_sensor_driver_api_list_start = .
 *(SORT_BY_NAME(SORT_BY_ALIGNMENT(._emul_sensor_driver_api.static.*)))
                0x08003d0c                        _emul_sensor_driver_api_list_end = .

entropy_driver_api_area
                0x08003d0c        0x0
                0x08003d0c                        _entropy_driver_api_list_start = .
 *(SORT_BY_NAME(SORT_BY_ALIGNMENT(._entropy_driver_api.static.*)))
                0x08003d0c                        _entropy_driver_api_list_end = .

espi_driver_api_area
                0x08003d0c        0x0
                0x08003d0c                        _espi_driver_api_list_start = .
 *(SORT_BY_NAME(SORT_BY_ALIGNMENT(._espi_driver_api.static.*)))
                0x08003d0c                        _espi_driver_api_list_end = .

espi_saf_driver_api_area
                0x08003d0c        0x0
                0x08003d0c                        _espi_saf_driver_api_list_start = .
 *(SORT_BY_NAME(SORT_BY_ALIGNMENT(._espi_saf_driver_api.static.*)))
                0x08003d0c                        _espi_saf_driver_api_list_end = .

flash_driver_api_area
                0x08003d0c        0x0
                0x08003d0c                        _flash_driver_api_list_start = .
 *(SORT_BY_NAME(SORT_BY_ALIGNMENT(._flash_driver_api.static.*)))
                0x08003d0c                        _flash_driver_api_list_end = .

fpga_driver_api_area
                0x08003d0c        0x0
                0x08003d0c                        _fpga_driver_api_list_start = .
 *(SORT_BY_NAME(SORT_BY_ALIGNMENT(._fpga_driver_api.static.*)))
                0x08003d0c                        _fpga_driver_api_list_end = .

fuel_gauge_driver_api_area
                0x08003d0c        0x0
                0x08003d0c                        _fuel_gauge_driver_api_list_start = .
 *(SORT_BY_NAME(SORT_BY_ALIGNMENT(._fuel_gauge_driver_api.static.*)))
                0x08003d0c                        _fuel_gauge_driver_api_list_end = .

gnss_driver_api_area
                0x08003d0c        0x0
                0x08003d0c                        _gnss_driver_api_list_start = .
 *(SORT_BY_NAME(SORT_BY_ALIGNMENT(._gnss_driver_api.static.*)))
                0x08003d0c                        _gnss_driver_api_list_end = .

haptics_driver_api_area
                0x08003d0c        0x0
                0x08003d0c                        _haptics_driver_api_list_start = .
 *(SORT_BY_NAME(SORT_BY_ALIGNMENT(._haptics_driver_api.static.*)))
                0x08003d0c                        _haptics_driver_api_list_end = .

hwspinlock_driver_api_area
                0x08003d0c        0x0
                0x08003d0c                        _hwspinlock_driver_api_list_start = .
 *(SORT_BY_NAME(SORT_BY_ALIGNMENT(._hwspinlock_driver_api.static.*)))
                0x08003d0c                        _hwspinlock_driver_api_list_end = .

i2c_driver_api_area
                0x08003d0c        0x0
                0x08003d0c                        _i2c_driver_api_list_start = .
 *(SORT_BY_NAME(SORT_BY_ALIGNMENT(._i2c_driver_api.static.*)))
                0x08003d0c                        _i2c_driver_api_list_end = .

i2c_target_driver_api_area
                0x08003d0c        0x0
                0x08003d0c                        _i2c_target_driver_api_list_start = .
 *(SORT_BY_NAME(SORT_BY_ALIGNMENT(._i2c_target_driver_api.static.*)))
                0x08003d0c                        _i2c_target_driver_api_list_end = .

i2s_driver_api_area
                0x08003d0c        0x0
                0x08003d0c                        _i2s_driver_api_list_start = .
 *(SORT_BY_NAME(SORT_BY_ALIGNMENT(._i2s_driver_api.static.*)))
                0x08003d0c                        _i2s_driver_api_list_end = .

i3c_driver_api_area
                0x08003d0c        0x0
                0x08003d0c                        _i3c_driver_api_list_start = .
 *(SORT_BY_NAME(SORT_BY_ALIGNMENT(._i3c_driver_api.static.*)))
                0x08003d0c                        _i3c_driver_api_list_end = .

ipm_driver_api_area
                0x08003d0c        0x0
                0x08003d0c                        _ipm_driver_api_list_start = .
 *(SORT_BY_NAME(SORT_BY_ALIGNMENT(._ipm_driver_api.static.*)))
                0x08003d0c                        _ipm_driver_api_list_end = .

kscan_driver_api_area
                0x08003d0c        0x0
                0x08003d0c                        _kscan_driver_api_list_start = .
 *(SORT_BY_NAME(SORT_BY_ALIGNMENT(._kscan_driver_api.static.*)))
                0x08003d0c                        _kscan_driver_api_list_end = .

led_driver_api_area
                0x08003d0c        0x0
                0x08003d0c                        _led_driver_api_list_start = .
 *(SORT_BY_NAME(SORT_BY_ALIGNMENT(._led_driver_api.static.*)))
                0x08003d0c                        _led_driver_api_list_end = .

led_strip_driver_api_area
                0x08003d0c        0x0
                0x08003d0c                        _led_strip_driver_api_list_start = .
 *(SORT_BY_NAME(SORT_BY_ALIGNMENT(._led_strip_driver_api.static.*)))
                0x08003d0c                        _led_strip_driver_api_list_end = .

lora_driver_api_area
                0x08003d0c        0x0
                0x08003d0c                        _lora_driver_api_list_start = .
 *(SORT_BY_NAME(SORT_BY_ALIGNMENT(._lora_driver_api.static.*)))
                0x08003d0c                        _lora_driver_api_list_end = .

mbox_driver_api_area
                0x08003d0c        0x0
                0x08003d0c                        _mbox_driver_api_list_start = .
 *(SORT_BY_NAME(SORT_BY_ALIGNMENT(._mbox_driver_api.static.*)))
                0x08003d0c                        _mbox_driver_api_list_end = .

mdio_driver_api_area
                0x08003d0c        0x0
                0x08003d0c                        _mdio_driver_api_list_start = .
 *(SORT_BY_NAME(SORT_BY_ALIGNMENT(._mdio_driver_api.static.*)))
                0x08003d0c                        _mdio_driver_api_list_end = .

mipi_dbi_driver_api_area
                0x08003d0c        0x0
                0x08003d0c                        _mipi_dbi_driver_api_list_start = .
 *(SORT_BY_NAME(SORT_BY_ALIGNMENT(._mipi_dbi_driver_api.static.*)))
                0x08003d0c                        _mipi_dbi_driver_api_list_end = .

mipi_dsi_driver_api_area
                0x08003d0c        0x0
                0x08003d0c                        _mipi_dsi_driver_api_list_start = .
 *(SORT_BY_NAME(SORT_BY_ALIGNMENT(._mipi_dsi_driver_api.static.*)))
                0x08003d0c                        _mipi_dsi_driver_api_list_end = .

mspi_driver_api_area
                0x08003d0c        0x0
                0x08003d0c                        _mspi_driver_api_list_start = .
 *(SORT_BY_NAME(SORT_BY_ALIGNMENT(._mspi_driver_api.static.*)))
                0x08003d0c                        _mspi_driver_api_list_end = .

peci_driver_api_area
                0x08003d0c        0x0
                0x08003d0c                        _peci_driver_api_list_start = .
 *(SORT_BY_NAME(SORT_BY_ALIGNMENT(._peci_driver_api.static.*)))
                0x08003d0c                        _peci_driver_api_list_end = .

ps2_driver_api_area
                0x08003d0c        0x0
                0x08003d0c                        _ps2_driver_api_list_start = .
 *(SORT_BY_NAME(SORT_BY_ALIGNMENT(._ps2_driver_api.static.*)))
                0x08003d0c                        _ps2_driver_api_list_end = .

ptp_clock_driver_api_area
                0x08003d0c        0x0
                0x08003d0c                        _ptp_clock_driver_api_list_start = .
 *(SORT_BY_NAME(SORT_BY_ALIGNMENT(._ptp_clock_driver_api.static.*)))
                0x08003d0c                        _ptp_clock_driver_api_list_end = .

pwm_driver_api_area
                0x08003d0c        0x0
                0x08003d0c                        _pwm_driver_api_list_start = .
 *(SORT_BY_NAME(SORT_BY_ALIGNMENT(._pwm_driver_api.static.*)))
                0x08003d0c                        _pwm_driver_api_list_end = .

regulator_parent_driver_api_area
                0x08003d0c        0x0
                0x08003d0c                        _regulator_parent_driver_api_list_start = .
 *(SORT_BY_NAME(SORT_BY_ALIGNMENT(._regulator_parent_driver_api.static.*)))
                0x08003d0c                        _regulator_parent_driver_api_list_end = .

regulator_driver_api_area
                0x08003d0c        0x0
                0x08003d0c                        _regulator_driver_api_list_start = .
 *(SORT_BY_NAME(SORT_BY_ALIGNMENT(._regulator_driver_api.static.*)))
                0x08003d0c                        _regulator_driver_api_list_end = .

retained_mem_driver_api_area
                0x08003d0c        0x0
                0x08003d0c                        _retained_mem_driver_api_list_start = .
 *(SORT_BY_NAME(SORT_BY_ALIGNMENT(._retained_mem_driver_api.static.*)))
                0x08003d0c                        _retained_mem_driver_api_list_end = .

rtc_driver_api_area
                0x08003d0c        0x0
                0x08003d0c                        _rtc_driver_api_list_start = .
 *(SORT_BY_NAME(SORT_BY_ALIGNMENT(._rtc_driver_api.static.*)))
                0x08003d0c                        _rtc_driver_api_list_end = .

sdhc_driver_api_area
                0x08003d0c        0x0
                0x08003d0c                        _sdhc_driver_api_list_start = .
 *(SORT_BY_NAME(SORT_BY_ALIGNMENT(._sdhc_driver_api.static.*)))
                0x08003d0c                        _sdhc_driver_api_list_end = .

sensor_driver_api_area
                0x08003d0c        0x0
                0x08003d0c                        _sensor_driver_api_list_start = .
 *(SORT_BY_NAME(SORT_BY_ALIGNMENT(._sensor_driver_api.static.*)))
                0x08003d0c                        _sensor_driver_api_list_end = .

smbus_driver_api_area
                0x08003d0c        0x0
                0x08003d0c                        _smbus_driver_api_list_start = .
 *(SORT_BY_NAME(SORT_BY_ALIGNMENT(._smbus_driver_api.static.*)))
                0x08003d0c                        _smbus_driver_api_list_end = .

spi_driver_api_area
                0x08003d0c        0x0
                0x08003d0c                        _spi_driver_api_list_start = .
 *(SORT_BY_NAME(SORT_BY_ALIGNMENT(._spi_driver_api.static.*)))
                0x08003d0c                        _spi_driver_api_list_end = .

stepper_driver_api_area
                0x08003d0c        0x0
                0x08003d0c                        _stepper_driver_api_list_start = .
 *(SORT_BY_NAME(SORT_BY_ALIGNMENT(._stepper_driver_api.static.*)))
                0x08003d0c                        _stepper_driver_api_list_end = .

syscon_driver_api_area
                0x08003d0c        0x0
                0x08003d0c                        _syscon_driver_api_list_start = .
 *(SORT_BY_NAME(SORT_BY_ALIGNMENT(._syscon_driver_api.static.*)))
                0x08003d0c                        _syscon_driver_api_list_end = .

tee_driver_api_area
                0x08003d0c        0x0
                0x08003d0c                        _tee_driver_api_list_start = .
 *(SORT_BY_NAME(SORT_BY_ALIGNMENT(._tee_driver_api.static.*)))
                0x08003d0c                        _tee_driver_api_list_end = .

video_driver_api_area
                0x08003d0c        0x0
                0x08003d0c                        _video_driver_api_list_start = .
 *(SORT_BY_NAME(SORT_BY_ALIGNMENT(._video_driver_api.static.*)))
                0x08003d0c                        _video_driver_api_list_end = .

w1_driver_api_area
                0x08003d0c        0x0
                0x08003d0c                        _w1_driver_api_list_start = .
 *(SORT_BY_NAME(SORT_BY_ALIGNMENT(._w1_driver_api.static.*)))
                0x08003d0c                        _w1_driver_api_list_end = .

wdt_driver_api_area
                0x08003d0c        0x0
                0x08003d0c                        _wdt_driver_api_list_start = .
 *(SORT_BY_NAME(SORT_BY_ALIGNMENT(._wdt_driver_api.static.*)))
                0x08003d0c                        _wdt_driver_api_list_end = .

can_transceiver_driver_api_area
                0x08003d0c        0x0
                0x08003d0c                        _can_transceiver_driver_api_list_start = .
 *(SORT_BY_NAME(SORT_BY_ALIGNMENT(._can_transceiver_driver_api.static.*)))
                0x08003d0c                        _can_transceiver_driver_api_list_end = .

nrf_clock_control_driver_api_area
                0x08003d0c        0x0
                0x08003d0c                        _nrf_clock_control_driver_api_list_start = .
 *(SORT_BY_NAME(SORT_BY_ALIGNMENT(._nrf_clock_control_driver_api.static.*)))
                0x08003d0c                        _nrf_clock_control_driver_api_list_end = .

i3c_target_driver_api_area
                0x08003d0c        0x0
                0x08003d0c                        _i3c_target_driver_api_list_start = .
 *(SORT_BY_NAME(SORT_BY_ALIGNMENT(._i3c_target_driver_api.static.*)))
                0x08003d0c                        _i3c_target_driver_api_list_end = .

its_driver_api_area
                0x08003d0c        0x0
                0x08003d0c                        _its_driver_api_list_start = .
 *(SORT_BY_NAME(SORT_BY_ALIGNMENT(._its_driver_api.static.*)))
                0x08003d0c                        _its_driver_api_list_end = .

vtd_driver_api_area
                0x08003d0c        0x0
                0x08003d0c                        _vtd_driver_api_list_start = .
 *(SORT_BY_NAME(SORT_BY_ALIGNMENT(._vtd_driver_api.static.*)))
                0x08003d0c                        _vtd_driver_api_list_end = .

tgpio_driver_api_area
                0x08003d0c        0x0
                0x08003d0c                        _tgpio_driver_api_list_start = .
 *(SORT_BY_NAME(SORT_BY_ALIGNMENT(._tgpio_driver_api.static.*)))
                0x08003d0c                        _tgpio_driver_api_list_end = .

pcie_ctrl_driver_api_area
                0x08003d0c        0x0
                0x08003d0c                        _pcie_ctrl_driver_api_list_start = .
 *(SORT_BY_NAME(SORT_BY_ALIGNMENT(._pcie_ctrl_driver_api.static.*)))
                0x08003d0c                        _pcie_ctrl_driver_api_list_end = .

pcie_ep_driver_api_area
                0x08003d0c        0x0
                0x08003d0c                        _pcie_ep_driver_api_list_start = .
 *(SORT_BY_NAME(SORT_BY_ALIGNMENT(._pcie_ep_driver_api.static.*)))
                0x08003d0c                        _pcie_ep_driver_api_list_end = .

svc_driver_api_area
                0x08003d0c        0x0
                0x08003d0c                        _svc_driver_api_list_start = .
 *(SORT_BY_NAME(SORT_BY_ALIGNMENT(._svc_driver_api.static.*)))
                0x08003d0c                        _svc_driver_api_list_end = .

uart_driver_api_area
                0x08003d0c        0x0
                0x08003d0c                        _uart_driver_api_list_start = .
 *(SORT_BY_NAME(SORT_BY_ALIGNMENT(._uart_driver_api.static.*)))
                0x08003d0c                        _uart_driver_api_list_end = .

bc12_emul_driver_api_area
                0x08003d0c        0x0
                0x08003d0c                        _bc12_emul_driver_api_list_start = .
 *(SORT_BY_NAME(SORT_BY_ALIGNMENT(._bc12_emul_driver_api.static.*)))
                0x08003d0c                        _bc12_emul_driver_api_list_end = .

bc12_driver_api_area
                0x08003d0c        0x0
                0x08003d0c                        _bc12_driver_api_list_start = .
 *(SORT_BY_NAME(SORT_BY_ALIGNMENT(._bc12_driver_api.static.*)))
                0x08003d0c                        _bc12_driver_api_list_end = .

usbc_ppc_driver_api_area
                0x08003d0c        0x0
                0x08003d0c                        _usbc_ppc_driver_api_list_start = .
 *(SORT_BY_NAME(SORT_BY_ALIGNMENT(._usbc_ppc_driver_api.static.*)))
                0x08003d0c                        _usbc_ppc_driver_api_list_end = .

tcpc_driver_api_area
                0x08003d0c        0x0
                0x08003d0c                        _tcpc_driver_api_list_start = .
 *(SORT_BY_NAME(SORT_BY_ALIGNMENT(._tcpc_driver_api.static.*)))
                0x08003d0c                        _tcpc_driver_api_list_end = .

usbc_vbus_driver_api_area
                0x08003d0c        0x0
                0x08003d0c                        _usbc_vbus_driver_api_list_start = .
 *(SORT_BY_NAME(SORT_BY_ALIGNMENT(._usbc_vbus_driver_api.static.*)))
                0x08003d0c                        _usbc_vbus_driver_api_list_end = .

ivshmem_driver_api_area
                0x08003d0c        0x0
                0x08003d0c                        _ivshmem_driver_api_list_start = .
 *(SORT_BY_NAME(SORT_BY_ALIGNMENT(._ivshmem_driver_api.static.*)))
                0x08003d0c                        _ivshmem_driver_api_list_end = .

ethphy_driver_api_area
                0x08003d0c        0x0
                0x08003d0c                        _ethphy_driver_api_list_start = .
 *(SORT_BY_NAME(SORT_BY_ALIGNMENT(._ethphy_driver_api.static.*)))
                0x08003d0c                        _ethphy_driver_api_list_end = .

ztest           0x08003d0c        0x0
                0x08003d0c                        _ztest_expected_result_entry_list_start = .
 *(SORT_BY_NAME(SORT_BY_ALIGNMENT(._ztest_expected_result_entry.static.*)))
                0x08003d0c                        _ztest_expected_result_entry_list_end = .
                0x08003d0c                        _ztest_suite_node_list_start = .
 *(SORT_BY_NAME(SORT_BY_ALIGNMENT(._ztest_suite_node.static.*)))
                0x08003d0c                        _ztest_suite_node_list_end = .
                0x08003d0c                        _ztest_unit_test_list_start = .
 *(SORT_BY_NAME(SORT_BY_ALIGNMENT(._ztest_unit_test.static.*)))
                0x08003d0c                        _ztest_unit_test_list_end = .
                0x08003d0c                        _ztest_test_rule_list_start = .
 *(SORT_BY_NAME(SORT_BY_ALIGNMENT(._ztest_test_rule.static.*)))
                0x08003d0c                        _ztest_test_rule_list_end = .

init_array
 *(SORT_BY_NAME(SORT_BY_ALIGNMENT(.ctors*)))
 *(SORT_BY_NAME(SORT_BY_ALIGNMENT(.init_array*)))
                0x00000001                        ASSERT ((SIZEOF (init_array) == 0x0), GNU-style constructors required but STATIC_INIT_GNU not enabled)

bt_l2cap_fixed_chan_area
                0x08003d0c        0x0
                0x08003d0c                        _bt_l2cap_fixed_chan_list_start = .
 *(SORT_BY_NAME(SORT_BY_ALIGNMENT(._bt_l2cap_fixed_chan.static.*)))
                0x08003d0c                        _bt_l2cap_fixed_chan_list_end = .

bt_gatt_service_static_area
                0x08003d0c        0x0
                0x08003d0c                        _bt_gatt_service_static_list_start = .
 *(SORT_BY_NAME(SORT_BY_ALIGNMENT(._bt_gatt_service_static.static.*)))
                0x08003d0c                        _bt_gatt_service_static_list_end = .

log_strings_area
                0x08003d0c        0x0
                0x08003d0c                        _log_strings_list_start = .
 *(SORT_BY_NAME(SORT_BY_ALIGNMENT(._log_strings.static.*)))
                0x08003d0c                        _log_strings_list_end = .

log_const_area  0x08003d0c        0x0
                0x08003d0c                        _log_const_list_start = .
 *(SORT_BY_NAME(SORT_BY_ALIGNMENT(._log_const.static.*)))
                0x08003d0c                        _log_const_list_end = .

log_backend_area
                0x08003d0c        0x0
                0x08003d0c                        _log_backend_list_start = .
 *(SORT_BY_NAME(SORT_BY_ALIGNMENT(._log_backend.static.*)))
                0x08003d0c                        _log_backend_list_end = .

log_link_area   0x08003d0c        0x0
                0x08003d0c                        _log_link_list_start = .
 *(SORT_BY_NAME(SORT_BY_ALIGNMENT(._log_link.static.*)))
                0x08003d0c                        _log_link_list_end = .

tracing_backend_area
                0x08003d0c        0x0
                0x08003d0c                        _tracing_backend_list_start = .
 *(SORT_BY_NAME(SORT_BY_ALIGNMENT(._tracing_backend.static.*)))
                0x08003d0c                        _tracing_backend_list_end = .

zephyr_dbg_info
 *(SORT_BY_ALIGNMENT(.dbg_thread_info))

intc_table_area
                0x08003d0c        0x0
                0x08003d0c                        _intc_table_list_start = .
 *(SORT_BY_NAME(SORT_BY_ALIGNMENT(._intc_table.static.*)))
                0x08003d0c                        _intc_table_list_end = .

symbol_to_keep  0x08003d0c        0x0
                0x08003d0c                        __symbol_to_keep_start = .
 *(SORT_BY_NAME(SORT_BY_ALIGNMENT(.symbol_to_keep*)))
                0x08003d0c                        __symbol_to_keep_end = .

shell_area      0x08003d0c        0x0
                0x08003d0c                        _shell_list_start = .
 *(SORT_BY_NAME(SORT_BY_ALIGNMENT(._shell.static.*)))
                0x08003d0c                        _shell_list_end = .

shell_root_cmds_area
                0x08003d0c        0x0
                0x08003d0c                        _shell_root_cmds_list_start = .
 *(SORT_BY_NAME(SORT_BY_ALIGNMENT(._shell_root_cmds.static.*)))
                0x08003d0c                        _shell_root_cmds_list_end = .

shell_subcmds_area
                0x08003d0c        0x0
                0x08003d0c                        _shell_subcmds_list_start = .
 *(SORT_BY_NAME(SORT_BY_ALIGNMENT(._shell_subcmds.static.*)))
                0x08003d0c                        _shell_subcmds_list_end = .

shell_dynamic_subcmds_area
                0x08003d0c        0x0
                0x08003d0c                        _shell_dynamic_subcmds_list_start = .
 *(SORT_BY_NAME(SORT_BY_ALIGNMENT(._shell_dynamic_subcmds.static.*)))
                0x08003d0c                        _shell_dynamic_subcmds_list_end = .

cfb_font_area   0x08003d0c        0x0
                0x08003d0c                        _cfb_font_list_start = .
 *(SORT_BY_NAME(SORT_BY_ALIGNMENT(._cfb_font.static.*)))
                0x08003d0c                        _cfb_font_list_end = .

rodata          0x08003d0c      0x490
 *(SORT_BY_ALIGNMENT(.rodata))
 .rodata        0x08003d0c        0x8 zephyr/drivers/interrupt_controller/libdrivers__interrupt_controller.a(intc_exti_stm32.c.obj)
 *(SORT_BY_ALIGNMENT(.rodata.*))
 .rodata.mem_attr_region
                0x08003d14        0x0 zephyr/libzephyr.a(mem_attr.c.obj)
 .rodata.static_regions
                0x08003d14        0xc zephyr/arch/arch/arm/core/mpu/libarch__arm__core__mpu.a(arm_core_mpu.c.obj)
 .rodata.mpu_config
                0x08003d20        0x8 zephyr/arch/arch/arm/core/mpu/libarch__arm__core__mpu.a(arm_mpu_regions.c.obj)
                0x08003d20                mpu_config
 .rodata.mpu_regions
                0x08003d28       0x18 zephyr/arch/arch/arm/core/mpu/libarch__arm__core__mpu.a(arm_mpu_regions.c.obj)
 .rodata.stdout
                0x08003d40        0x4 zephyr/lib/libc/picolibc/liblib__libc__picolibc.a(stdio.c.obj)
                0x08003d40                stdout
                0x08003d40                stderr
 .rodata.gpio_stm32_cfg_k
                0x08003d44       0x14 zephyr/drivers/gpio/libdrivers__gpio.a(gpio_stm32.c.obj)
 .rodata.gpio_stm32_cfg_j
                0x08003d58       0x14 zephyr/drivers/gpio/libdrivers__gpio.a(gpio_stm32.c.obj)
 .rodata.gpio_stm32_cfg_i
                0x08003d6c       0x14 zephyr/drivers/gpio/libdrivers__gpio.a(gpio_stm32.c.obj)
 .rodata.gpio_stm32_cfg_h
                0x08003d80       0x14 zephyr/drivers/gpio/libdrivers__gpio.a(gpio_stm32.c.obj)
 .rodata.gpio_stm32_cfg_g
                0x08003d94       0x14 zephyr/drivers/gpio/libdrivers__gpio.a(gpio_stm32.c.obj)
 .rodata.gpio_stm32_cfg_f
                0x08003da8       0x14 zephyr/drivers/gpio/libdrivers__gpio.a(gpio_stm32.c.obj)
 .rodata.gpio_stm32_cfg_e
                0x08003dbc       0x14 zephyr/drivers/gpio/libdrivers__gpio.a(gpio_stm32.c.obj)
 .rodata.gpio_stm32_cfg_d
                0x08003dd0       0x14 zephyr/drivers/gpio/libdrivers__gpio.a(gpio_stm32.c.obj)
 .rodata.gpio_stm32_cfg_c
                0x08003de4       0x14 zephyr/drivers/gpio/libdrivers__gpio.a(gpio_stm32.c.obj)
 .rodata.gpio_stm32_cfg_b
                0x08003df8       0x14 zephyr/drivers/gpio/libdrivers__gpio.a(gpio_stm32.c.obj)
 .rodata.gpio_stm32_cfg_a
                0x08003e0c       0x14 zephyr/drivers/gpio/libdrivers__gpio.a(gpio_stm32.c.obj)
 .rodata.gpio_stm32_driver
                0x08003e20       0x24 zephyr/drivers/gpio/libdrivers__gpio.a(gpio_stm32.c.obj)
 .rodata.gpio_ports
                0x08003e44       0x40 zephyr/drivers/pinctrl/libdrivers__pinctrl.a(pinctrl_stm32.c.obj)
 .rodata.reset_stm32_config
                0x08003e84        0x4 zephyr/drivers/reset/libdrivers__reset.a(reset_stm32.c.obj)
 .rodata.reset_stm32_driver_api
                0x08003e88       0x10 zephyr/drivers/reset/libdrivers__reset.a(reset_stm32.c.obj)
 .rodata.uart_stm32_cfg_1
                0x08003e98       0x24 zephyr/drivers/serial/libdrivers__serial.a(uart_stm32.c.obj)
 .rodata.pclken_1
                0x08003ebc        0x8 zephyr/drivers/serial/libdrivers__serial.a(uart_stm32.c.obj)
 .rodata.__pinctrl_dev_config__device_dts_ord_77
                0x08003ec4        0x8 zephyr/drivers/serial/libdrivers__serial.a(uart_stm32.c.obj)
 .rodata.__pinctrl_states__device_dts_ord_77
                0x08003ecc        0x8 zephyr/drivers/serial/libdrivers__serial.a(uart_stm32.c.obj)
 .rodata.__pinctrl_state_pins_0__device_dts_ord_77
                0x08003ed4       0x10 zephyr/drivers/serial/libdrivers__serial.a(uart_stm32.c.obj)
 .rodata.uart_stm32_cfg_0
                0x08003ee4       0x24 zephyr/drivers/serial/libdrivers__serial.a(uart_stm32.c.obj)
 .rodata.pclken_0
                0x08003f08        0x8 zephyr/drivers/serial/libdrivers__serial.a(uart_stm32.c.obj)
 .rodata.__pinctrl_dev_config__device_dts_ord_85
                0x08003f10        0x8 zephyr/drivers/serial/libdrivers__serial.a(uart_stm32.c.obj)
 .rodata.__pinctrl_states__device_dts_ord_85
                0x08003f18        0x8 zephyr/drivers/serial/libdrivers__serial.a(uart_stm32.c.obj)
 .rodata.__pinctrl_state_pins_0__device_dts_ord_85
                0x08003f20       0x10 zephyr/drivers/serial/libdrivers__serial.a(uart_stm32.c.obj)
 .rodata.uart_stm32_driver_api
                0x08003f30       0x14 zephyr/drivers/serial/libdrivers__serial.a(uart_stm32.c.obj)
 .rodata.levels.0
                0x08003f44       0x18 zephyr/kernel/libkernel.a(init.c.obj)
 .rodata.CSWTCH.70
                0x08003f5c        0x6 zephyr/drivers/serial/libdrivers__serial.a(uart_stm32.c.obj)
 .rodata.main.str1.1
                0x08003f62      0x21b app/libapp.a(main.c.obj)
                                 0xc7 (size before relaxing)
 .rodata.str1.1
                0x0800417d        0xf zephyr/arch/arch/arm/core/mpu/libarch__arm__core__mpu.a(arm_mpu_regions.c.obj)
 .rodata.line_range_6.0
                0x0800417d        0x2 zephyr/drivers/interrupt_controller/libdrivers__interrupt_controller.a(intc_exti_stm32.c.obj)
 .rodata.line_range_5.1
                0x0800417f        0x2 zephyr/drivers/interrupt_controller/libdrivers__interrupt_controller.a(intc_exti_stm32.c.obj)
 .rodata.line_range_4.2
                0x08004181        0x2 zephyr/drivers/interrupt_controller/libdrivers__interrupt_controller.a(intc_exti_stm32.c.obj)
 .rodata.line_range_3.3
                0x08004183        0x2 zephyr/drivers/interrupt_controller/libdrivers__interrupt_controller.a(intc_exti_stm32.c.obj)
 .rodata.line_range_2.4
                0x08004185        0x2 zephyr/drivers/interrupt_controller/libdrivers__interrupt_controller.a(intc_exti_stm32.c.obj)
 .rodata.line_range_1.5
                0x08004187        0x2 zephyr/drivers/interrupt_controller/libdrivers__interrupt_controller.a(intc_exti_stm32.c.obj)
 .rodata.line_range_0.6
                0x08004189        0x2 zephyr/drivers/interrupt_controller/libdrivers__interrupt_controller.a(intc_exti_stm32.c.obj)
 .rodata.str1.1
                0x0800418b       0x1e zephyr/drivers/interrupt_controller/libdrivers__interrupt_controller.a(intc_exti_stm32.c.obj)
 .rodata.str1.1
                0x0800418b        0xd zephyr/drivers/clock_control/libdrivers__clock_control.a(clock_stm32_ll_common.c.obj)
 .rodata.str1.1
                0x0800418b       0x9a zephyr/drivers/gpio/libdrivers__gpio.a(gpio_stm32.c.obj)
 .rodata.str1.1
                0x0800418b       0x11 zephyr/drivers/reset/libdrivers__reset.a(reset_stm32.c.obj)
 .rodata.str1.1
                0x0800418b       0x20 zephyr/drivers/serial/libdrivers__serial.a(uart_stm32.c.obj)
 .rodata.AHBPrescTable
                0x0800418b       0x10 modules/hal_stm32/stm32cube/lib..__modules__hal__stm32__stm32cube.a(system_stm32f4xx.c.obj)
                0x0800418b                AHBPrescTable
 .rodata.z_cstart.str1.1
                0x0800419b        0x5 zephyr/kernel/libkernel.a(init.c.obj)
 .rodata.boot_banner.str1.1
                0x0800419b       0x3b zephyr/kernel/libkernel.a(banner.c.obj)
 .rodata.vfprintf.str1.1
                0x0800419b        0xf /home/ah/Documents/Workspace/STM32/ZephyrProject/Zephyr/custom_dts_binding/build/modules/picolibc/libc.a(vflprintf.c.obj)
 *(SORT_BY_ALIGNMENT(.gnu.linkonce.r.*))
                0x08004228                        . = ALIGN (0x4)
 *fill*         0x0800419b        0x1 
                0x0800419c                        __rodata_region_end = .
                0x080041a0                        . = ALIGN (_region_min_align)
                0x08008000                        . = ALIGN ((0x1 << LOG2CEIL ((__rodata_region_end - ADDR (rom_start)))))
                0x08008000                        __rom_region_end = ((__rom_region_start + .) - ADDR (rom_start))

/DISCARD/
 *(SORT_BY_ALIGNMENT(.got.plt))
 *(SORT_BY_ALIGNMENT(.igot.plt))
 *(SORT_BY_ALIGNMENT(.got))
 *(SORT_BY_ALIGNMENT(.igot))
                0x20000000                        . = 0x20000000
                0x20000000                        . = ALIGN (_region_min_align)
                0x20000000                        _image_ram_start = .

.ramfunc        0x20000000        0x0 load address 0x0800419c
                0x20000000                        __ramfunc_region_start = .
                0x20000000                        . = ALIGN (_region_min_align)
                0x20000000                        . = ALIGN ((0x1 << LOG2CEIL (__ramfunc_size)))
                0x20000000                        __ramfunc_start = .
 *(SORT_BY_ALIGNMENT(.ramfunc))
 *(SORT_BY_ALIGNMENT(.ramfunc.*))
                0x20000000                        . = ALIGN (_region_min_align)
                0x20000000                        . = ALIGN ((0x1 << LOG2CEIL (__ramfunc_size)))
                0x20000000                        __ramfunc_end = .
                0x00000000                        __ramfunc_size = (__ramfunc_end - __ramfunc_start)
                0x0800419c                        __ramfunc_load_start = LOADADDR (.ramfunc)

datas           0x20000000       0x54 load address 0x0800419c
                0x20000000                        __data_region_start = .
                0x20000000                        __data_start = .
 *(SORT_BY_ALIGNMENT(.data))
 *(SORT_BY_ALIGNMENT(.data.*))
 .data._char_out
                0x20000000        0x4 zephyr/libzephyr.a(printk.c.obj)
 .data.handler  0x20000004        0x4 zephyr/arch/arch/arm/core/libarch__arm__core.a(nmi.c.obj)
 .data.__stdout
                0x20000008       0x10 zephyr/lib/libc/picolibc/liblib__libc__picolibc.a(stdio.c.obj)
 .data.uart_stm32_data_1
                0x20000018        0x8 zephyr/drivers/serial/libdrivers__serial.a(uart_stm32.c.obj)
 .data.uart_cfg_1
                0x20000020        0x8 zephyr/drivers/serial/libdrivers__serial.a(uart_stm32.c.obj)
 .data.uart_stm32_data_0
                0x20000028        0x8 zephyr/drivers/serial/libdrivers__serial.a(uart_stm32.c.obj)
 .data.uart_cfg_0
                0x20000030        0x8 zephyr/drivers/serial/libdrivers__serial.a(uart_stm32.c.obj)
 .data.SystemCoreClock
                0x20000038        0x4 modules/hal_stm32/stm32cube/lib..__modules__hal__stm32__stm32cube.a(system_stm32f4xx.c.obj)
                0x20000038                SystemCoreClock
 .data.timeout_list
                0x2000003c        0x8 zephyr/kernel/libkernel.a(timeout.c.obj)
 .data.exti_irq_table
                0x20000044       0x10 zephyr/drivers/interrupt_controller/libdrivers__interrupt_controller.a(intc_exti_stm32.c.obj)
 *(SORT_BY_ALIGNMENT(.kernel.*))
                0x20000054                        __data_end = .
                0x00000054                        __data_size = (__data_end - __data_start)
                0x0800419c                        __data_load_start = LOADADDR (datas)
                0x0800419c                        __data_region_load_start = LOADADDR (datas)

device_states   0x20000054       0x20 load address 0x080041f0
                0x20000054                        __device_states_start = .
 *(SORT_BY_ALIGNMENT(.z_devstate))
 .z_devstate    0x20000054        0x2 zephyr/drivers/interrupt_controller/libdrivers__interrupt_controller.a(intc_exti_stm32.c.obj)
 .z_devstate    0x20000056        0x2 zephyr/drivers/clock_control/libdrivers__clock_control.a(clock_stm32_ll_common.c.obj)
 .z_devstate    0x20000058       0x16 zephyr/drivers/gpio/libdrivers__gpio.a(gpio_stm32.c.obj)
 .z_devstate    0x2000006e        0x2 zephyr/drivers/reset/libdrivers__reset.a(reset_stm32.c.obj)
 .z_devstate    0x20000070        0x4 zephyr/drivers/serial/libdrivers__serial.a(uart_stm32.c.obj)
 *(SORT_BY_ALIGNMENT(.z_devstate.*))
                0x20000074                        __device_states_end = .

log_mpsc_pbuf_area
                0x20000074        0x0 load address 0x08004210
                0x20000074                        _log_mpsc_pbuf_list_start = .
 *(SORT_BY_NAME(SORT_BY_ALIGNMENT(._log_mpsc_pbuf.static.*)))
                0x20000074                        _log_mpsc_pbuf_list_end = .

log_msg_ptr_area
                0x20000074        0x0 load address 0x08004210
                0x20000074                        _log_msg_ptr_list_start = .
 *(SORT_BY_NAME(SORT_BY_ALIGNMENT(._log_msg_ptr.static.*)))
                0x20000074                        _log_msg_ptr_list_end = .

log_dynamic_area
                0x20000074        0x0 load address 0x08004210
                0x20000074                        _log_dynamic_list_start = .
 *(SORT_BY_NAME(SORT_BY_ALIGNMENT(._log_dynamic.static.*)))
                0x20000074                        _log_dynamic_list_end = .

k_timer_area    0x20000074        0x0 load address 0x08004210
                0x20000074                        _k_timer_list_start = .
 *(SORT_BY_NAME(SORT_BY_ALIGNMENT(._k_timer.static.*)))
                0x20000074                        _k_timer_list_end = .

k_mem_slab_area
                0x20000074        0x0 load address 0x08004210
                0x20000074                        _k_mem_slab_list_start = .
 *(SORT_BY_NAME(SORT_BY_ALIGNMENT(._k_mem_slab.static.*)))
                0x20000074                        _k_mem_slab_list_end = .

k_heap_area     0x20000074        0x0 load address 0x08004210
                0x20000074                        _k_heap_list_start = .
 *(SORT_BY_NAME(SORT_BY_ALIGNMENT(._k_heap.static.*)))
                0x20000074                        _k_heap_list_end = .

k_mutex_area    0x20000074        0x0 load address 0x08004210
                0x20000074                        _k_mutex_list_start = .
 *(SORT_BY_NAME(SORT_BY_ALIGNMENT(._k_mutex.static.*)))
                0x20000074                        _k_mutex_list_end = .

k_stack_area    0x20000074        0x0 load address 0x08004210
                0x20000074                        _k_stack_list_start = .
 *(SORT_BY_NAME(SORT_BY_ALIGNMENT(._k_stack.static.*)))
                0x20000074                        _k_stack_list_end = .

k_msgq_area     0x20000074        0x0 load address 0x08004210
                0x20000074                        _k_msgq_list_start = .
 *(SORT_BY_NAME(SORT_BY_ALIGNMENT(._k_msgq.static.*)))
                0x20000074                        _k_msgq_list_end = .

k_mbox_area     0x20000074        0x0 load address 0x08004210
                0x20000074                        _k_mbox_list_start = .
 *(SORT_BY_NAME(SORT_BY_ALIGNMENT(._k_mbox.static.*)))
                0x20000074                        _k_mbox_list_end = .

k_pipe_area     0x20000074        0x0 load address 0x08004210
                0x20000074                        _k_pipe_list_start = .
 *(SORT_BY_NAME(SORT_BY_ALIGNMENT(._k_pipe.static.*)))
                0x20000074                        _k_pipe_list_end = .

k_sem_area      0x20000074        0x0 load address 0x08004210
                0x20000074                        _k_sem_list_start = .
 *(SORT_BY_NAME(SORT_BY_ALIGNMENT(._k_sem.static.*)))
                0x20000074                        _k_sem_list_end = .

k_event_area    0x20000074        0x0 load address 0x08004210
                0x20000074                        _k_event_list_start = .
 *(SORT_BY_NAME(SORT_BY_ALIGNMENT(._k_event.static.*)))
                0x20000074                        _k_event_list_end = .

k_queue_area    0x20000074        0x0 load address 0x08004210
                0x20000074                        _k_queue_list_start = .
 *(SORT_BY_NAME(SORT_BY_ALIGNMENT(._k_queue.static.*)))
                0x20000074                        _k_queue_list_end = .

k_fifo_area     0x20000074        0x0 load address 0x08004210
                0x20000074                        _k_fifo_list_start = .
 *(SORT_BY_NAME(SORT_BY_ALIGNMENT(._k_fifo.static.*)))
                0x20000074                        _k_fifo_list_end = .

k_lifo_area     0x20000074        0x0 load address 0x08004210
                0x20000074                        _k_lifo_list_start = .
 *(SORT_BY_NAME(SORT_BY_ALIGNMENT(._k_lifo.static.*)))
                0x20000074                        _k_lifo_list_end = .

k_condvar_area  0x20000074        0x0 load address 0x08004210
                0x20000074                        _k_condvar_list_start = .
 *(SORT_BY_NAME(SORT_BY_ALIGNMENT(._k_condvar.static.*)))
                0x20000074                        _k_condvar_list_end = .

sys_mem_blocks_ptr_area
                0x20000074        0x0 load address 0x08004210
                0x20000074                        _sys_mem_blocks_ptr_list_start = .
 *(SORT_BY_NAME(SORT_BY_ALIGNMENT(._sys_mem_blocks_ptr.static.*)))
                0x20000074                        _sys_mem_blocks_ptr_list_end = .

net_buf_pool_area
                0x20000074        0x0 load address 0x08004210
                0x20000074                        _net_buf_pool_list_start = .
 *(SORT_BY_NAME(SORT_BY_ALIGNMENT(._net_buf_pool.static.*)))
                0x20000074                        _net_buf_pool_list_end = .
                0x20000074                        __data_region_end = .

bss             0x20000078      0x363
                0x20000078                        . = ALIGN (0x4)
                0x20000078                        __bss_start = .
                0x20000078                        __kernel_ram_start = .
 *(SORT_BY_ALIGNMENT(.bss))
 *(SORT_BY_ALIGNMENT(.bss.*))
 .bss.announced_cycles
                0x20000078        0x8 zephyr/drivers/timer/libdrivers__timer.a(cortex_m_systick.c.obj)
 .bss.cycle_count
                0x20000080        0x8 zephyr/drivers/timer/libdrivers__timer.a(cortex_m_systick.c.obj)
 .bss.z_idle_threads
                0x20000088       0x80 zephyr/kernel/libkernel.a(init.c.obj)
                0x20000088                z_idle_threads
 .bss.z_main_thread
                0x20000108       0x80 zephyr/kernel/libkernel.a(init.c.obj)
                0x20000108                z_main_thread
 .bss._thread_dummy
                0x20000188       0x80 zephyr/kernel/libkernel.a(sched.c.obj)
                0x20000188                _thread_dummy
 .bss.slice_timeouts
                0x20000208       0x18 zephyr/kernel/libkernel.a(timeslicing.c.obj)
 .bss.curr_tick
                0x20000220        0x8 zephyr/kernel/libkernel.a(timeout.c.obj)
 .bss.dynamic_regions.0
                0x20000228        0xc zephyr/arch/arch/arm/core/mpu/libarch__arm__core__mpu.a(arm_core_mpu.c.obj)
 .bss._stdout_hook
                0x20000234        0x4 zephyr/lib/libc/picolibc/liblib__libc__picolibc.a(stdio.c.obj)
 .bss.z_malloc_heap
                0x20000238        0xc zephyr/lib/libc/common/liblib__libc__common.a(malloc.c.obj)
 .bss.exti_data
                0x20000244       0x80 zephyr/drivers/interrupt_controller/libdrivers__interrupt_controller.a(intc_exti_stm32.c.obj)
 .bss.gpio_stm32_data_k
                0x200002c4       0x14 zephyr/drivers/gpio/libdrivers__gpio.a(gpio_stm32.c.obj)
 .bss.gpio_stm32_data_j
                0x200002d8       0x14 zephyr/drivers/gpio/libdrivers__gpio.a(gpio_stm32.c.obj)
 .bss.gpio_stm32_data_i
                0x200002ec       0x14 zephyr/drivers/gpio/libdrivers__gpio.a(gpio_stm32.c.obj)
 .bss.gpio_stm32_data_h
                0x20000300       0x14 zephyr/drivers/gpio/libdrivers__gpio.a(gpio_stm32.c.obj)
 .bss.gpio_stm32_data_g
                0x20000314       0x14 zephyr/drivers/gpio/libdrivers__gpio.a(gpio_stm32.c.obj)
 .bss.gpio_stm32_data_f
                0x20000328       0x14 zephyr/drivers/gpio/libdrivers__gpio.a(gpio_stm32.c.obj)
 .bss.gpio_stm32_data_e
                0x2000033c       0x14 zephyr/drivers/gpio/libdrivers__gpio.a(gpio_stm32.c.obj)
 .bss.gpio_stm32_data_d
                0x20000350       0x14 zephyr/drivers/gpio/libdrivers__gpio.a(gpio_stm32.c.obj)
 .bss.gpio_stm32_data_c
                0x20000364       0x14 zephyr/drivers/gpio/libdrivers__gpio.a(gpio_stm32.c.obj)
 .bss.gpio_stm32_data_b
                0x20000378       0x14 zephyr/drivers/gpio/libdrivers__gpio.a(gpio_stm32.c.obj)
 .bss.gpio_stm32_data_a
                0x2000038c       0x14 zephyr/drivers/gpio/libdrivers__gpio.a(gpio_stm32.c.obj)
 .bss.overflow_cyc
                0x200003a0        0x4 zephyr/drivers/timer/libdrivers__timer.a(cortex_m_systick.c.obj)
 .bss.last_load
                0x200003a4        0x4 zephyr/drivers/timer/libdrivers__timer.a(cortex_m_systick.c.obj)
 .bss._kernel   0x200003a8       0x20 zephyr/kernel/libkernel.a(init.c.obj)
                0x200003a8                _kernel
 .bss.pending_current
                0x200003c8        0x4 zephyr/kernel/libkernel.a(timeslicing.c.obj)
                0x200003c8                pending_current
 .bss.slice_max_prio
                0x200003cc        0x4 zephyr/kernel/libkernel.a(timeslicing.c.obj)
 .bss.slice_ticks
                0x200003d0        0x4 zephyr/kernel/libkernel.a(timeslicing.c.obj)
 .bss.announce_remaining
                0x200003d4        0x4 zephyr/kernel/libkernel.a(timeout.c.obj)
 .bss.static_regions_num
                0x200003d8        0x1 zephyr/arch/arch/arm/core/mpu/libarch__arm__core__mpu.a(arm_mpu.c.obj)
 .bss.z_sys_post_kernel
                0x200003d9        0x1 zephyr/kernel/libkernel.a(init.c.obj)
                0x200003d9                z_sys_post_kernel
 .bss._sched_spinlock
                0x200003da        0x0 zephyr/kernel/libkernel.a(sched.c.obj)
                0x200003da                _sched_spinlock
 .bss.slice_expired
                0x200003da        0x1 zephyr/kernel/libkernel.a(timeslicing.c.obj)
 *(SORT_BY_ALIGNMENT(COMMON))
 *(SORT_BY_ALIGNMENT(.kernel_bss.*))
                0x200003dc                        __bss_end = ALIGN (0x4)

noinit          0x20000400      0xe00
 *(SORT_BY_ALIGNMENT(.noinit))
 *(SORT_BY_ALIGNMENT(.noinit.*))
 .noinit."WEST_TOPDIR/zephyr/kernel/init.c".2
                0x20000400      0x840 zephyr/kernel/libkernel.a(init.c.obj)
                0x20000400                z_interrupt_stacks
 .noinit."WEST_TOPDIR/zephyr/kernel/init.c".1
                0x20000c40      0x180 zephyr/kernel/libkernel.a(init.c.obj)
 .noinit."WEST_TOPDIR/zephyr/kernel/init.c".0
                0x20000dc0      0x440 zephyr/kernel/libkernel.a(init.c.obj)
                0x20000dc0                z_main_stack
 *(SORT_BY_ALIGNMENT(.kernel_noinit.*))
                0x20030000                        __kernel_ram_end = 0x20030000
                0x0002ff88                        __kernel_ram_size = (__kernel_ram_end - __kernel_ram_start)

.ccm_bss        0x10000000        0x0
                0x10000000                        __ccm_start = .
                0x10000000                        __ccm_bss_start = .
 *(SORT_BY_ALIGNMENT(.ccm_bss))
 *(SORT_BY_ALIGNMENT(.ccm_bss.*))
                0x10000000                        __ccm_bss_end = .

.ccm_noinit     0x10000000        0x0
                0x10000000                        __ccm_noinit_start = .
 *(SORT_BY_ALIGNMENT(.ccm_noinit))
 *(SORT_BY_ALIGNMENT(.ccm_noinit.*))
                0x10000000                        __ccm_noinit_end = .
